Archive member included to satisfy reference by file (symbol)

C:/ST/STM32CubeIDE_1.17.0/STM32CubeIDE/plugins/com.st.stm32cube.ide.mcu.externaltools.gnu-tools-for-stm32.13.3.rel1.win32_1.0.0.202411081344/tools/bin/../lib/gcc/arm-none-eabi/13.3.1/../../../../arm-none-eabi/lib/thumb/v7-m/nofp\libc_nano.a(libc_a-exit.o)
                              C:/ST/STM32CubeIDE_1.17.0/STM32CubeIDE/plugins/com.st.stm32cube.ide.mcu.externaltools.gnu-tools-for-stm32.13.3.rel1.win32_1.0.0.202411081344/tools/bin/../lib/gcc/arm-none-eabi/13.3.1/../../../../arm-none-eabi/lib/thumb/v7-m/nofp/crt0.o (exit)
C:/ST/STM32CubeIDE_1.17.0/STM32CubeIDE/plugins/com.st.stm32cube.ide.mcu.externaltools.gnu-tools-for-stm32.13.3.rel1.win32_1.0.0.202411081344/tools/bin/../lib/gcc/arm-none-eabi/13.3.1/../../../../arm-none-eabi/lib/thumb/v7-m/nofp\libc_nano.a(libc_a-findfp.o)
                              ./Middlewares/Third_Party/FreeRTOS/Source/tasks.o (__sf)
C:/ST/STM32CubeIDE_1.17.0/STM32CubeIDE/plugins/com.st.stm32cube.ide.mcu.externaltools.gnu-tools-for-stm32.13.3.rel1.win32_1.0.0.202411081344/tools/bin/../lib/gcc/arm-none-eabi/13.3.1/../../../../arm-none-eabi/lib/thumb/v7-m/nofp\libc_nano.a(libc_a-fwalk.o)
                              C:/ST/STM32CubeIDE_1.17.0/STM32CubeIDE/plugins/com.st.stm32cube.ide.mcu.externaltools.gnu-tools-for-stm32.13.3.rel1.win32_1.0.0.202411081344/tools/bin/../lib/gcc/arm-none-eabi/13.3.1/../../../../arm-none-eabi/lib/thumb/v7-m/nofp\libc_nano.a(libc_a-findfp.o) (_fwalk_sglue)
C:/ST/STM32CubeIDE_1.17.0/STM32CubeIDE/plugins/com.st.stm32cube.ide.mcu.externaltools.gnu-tools-for-stm32.13.3.rel1.win32_1.0.0.202411081344/tools/bin/../lib/gcc/arm-none-eabi/13.3.1/../../../../arm-none-eabi/lib/thumb/v7-m/nofp\libc_nano.a(libc_a-stdio.o)
                              C:/ST/STM32CubeIDE_1.17.0/STM32CubeIDE/plugins/com.st.stm32cube.ide.mcu.externaltools.gnu-tools-for-stm32.13.3.rel1.win32_1.0.0.202411081344/tools/bin/../lib/gcc/arm-none-eabi/13.3.1/../../../../arm-none-eabi/lib/thumb/v7-m/nofp\libc_nano.a(libc_a-findfp.o) (__sread)
C:/ST/STM32CubeIDE_1.17.0/STM32CubeIDE/plugins/com.st.stm32cube.ide.mcu.externaltools.gnu-tools-for-stm32.13.3.rel1.win32_1.0.0.202411081344/tools/bin/../lib/gcc/arm-none-eabi/13.3.1/../../../../arm-none-eabi/lib/thumb/v7-m/nofp\libc_nano.a(libc_a-memset.o)
                              C:/ST/STM32CubeIDE_1.17.0/STM32CubeIDE/plugins/com.st.stm32cube.ide.mcu.externaltools.gnu-tools-for-stm32.13.3.rel1.win32_1.0.0.202411081344/tools/bin/../lib/gcc/arm-none-eabi/13.3.1/../../../../arm-none-eabi/lib/thumb/v7-m/nofp/crt0.o (memset)
C:/ST/STM32CubeIDE_1.17.0/STM32CubeIDE/plugins/com.st.stm32cube.ide.mcu.externaltools.gnu-tools-for-stm32.13.3.rel1.win32_1.0.0.202411081344/tools/bin/../lib/gcc/arm-none-eabi/13.3.1/../../../../arm-none-eabi/lib/thumb/v7-m/nofp\libc_nano.a(libc_a-closer.o)
                              C:/ST/STM32CubeIDE_1.17.0/STM32CubeIDE/plugins/com.st.stm32cube.ide.mcu.externaltools.gnu-tools-for-stm32.13.3.rel1.win32_1.0.0.202411081344/tools/bin/../lib/gcc/arm-none-eabi/13.3.1/../../../../arm-none-eabi/lib/thumb/v7-m/nofp\libc_nano.a(libc_a-stdio.o) (_close_r)
C:/ST/STM32CubeIDE_1.17.0/STM32CubeIDE/plugins/com.st.stm32cube.ide.mcu.externaltools.gnu-tools-for-stm32.13.3.rel1.win32_1.0.0.202411081344/tools/bin/../lib/gcc/arm-none-eabi/13.3.1/../../../../arm-none-eabi/lib/thumb/v7-m/nofp\libc_nano.a(libc_a-reent.o)
                              ./Middlewares/Third_Party/FreeRTOS/Source/tasks.o (_reclaim_reent)
C:/ST/STM32CubeIDE_1.17.0/STM32CubeIDE/plugins/com.st.stm32cube.ide.mcu.externaltools.gnu-tools-for-stm32.13.3.rel1.win32_1.0.0.202411081344/tools/bin/../lib/gcc/arm-none-eabi/13.3.1/../../../../arm-none-eabi/lib/thumb/v7-m/nofp\libc_nano.a(libc_a-impure.o)
                              ./Middlewares/Third_Party/FreeRTOS/Source/tasks.o (_impure_ptr)
C:/ST/STM32CubeIDE_1.17.0/STM32CubeIDE/plugins/com.st.stm32cube.ide.mcu.externaltools.gnu-tools-for-stm32.13.3.rel1.win32_1.0.0.202411081344/tools/bin/../lib/gcc/arm-none-eabi/13.3.1/../../../../arm-none-eabi/lib/thumb/v7-m/nofp\libc_nano.a(libc_a-lseekr.o)
                              C:/ST/STM32CubeIDE_1.17.0/STM32CubeIDE/plugins/com.st.stm32cube.ide.mcu.externaltools.gnu-tools-for-stm32.13.3.rel1.win32_1.0.0.202411081344/tools/bin/../lib/gcc/arm-none-eabi/13.3.1/../../../../arm-none-eabi/lib/thumb/v7-m/nofp\libc_nano.a(libc_a-stdio.o) (_lseek_r)
C:/ST/STM32CubeIDE_1.17.0/STM32CubeIDE/plugins/com.st.stm32cube.ide.mcu.externaltools.gnu-tools-for-stm32.13.3.rel1.win32_1.0.0.202411081344/tools/bin/../lib/gcc/arm-none-eabi/13.3.1/../../../../arm-none-eabi/lib/thumb/v7-m/nofp\libc_nano.a(libc_a-readr.o)
                              C:/ST/STM32CubeIDE_1.17.0/STM32CubeIDE/plugins/com.st.stm32cube.ide.mcu.externaltools.gnu-tools-for-stm32.13.3.rel1.win32_1.0.0.202411081344/tools/bin/../lib/gcc/arm-none-eabi/13.3.1/../../../../arm-none-eabi/lib/thumb/v7-m/nofp\libc_nano.a(libc_a-stdio.o) (_read_r)
[...]
Memory Configuration

Name             Origin             Length             Attributes
RAM              0x20000000         0x00005000         xrw
FLASH            0x08000000         0x00010000         xr
*default*        0x00000000         0xffffffff

Linker script and memory map

LOAD C:/ST/STM32CubeIDE_1.17.0/STM32CubeIDE/plugins/com.st.stm32cube.ide.mcu.externaltools.gnu-tools-for-stm32.13.3.rel1.win32_1.0.0.202411081344/tools/bin/../lib/gcc/arm-none-eabi/13.3.1/thumb/v7-m/nofp/crti.o
LOAD C:/ST/STM32CubeIDE_1.17.0/STM32CubeIDE/plugins/com.st.stm32cube.ide.mcu.externaltools.gnu-tools-for-stm32.13.3.rel1.win32_1.0.0.202411081344/tools/bin/../lib/gcc/arm-none-eabi/13.3.1/thumb/v7-m/nofp/crtbegin.o
LOAD C:/ST/STM32CubeIDE_1.17.0/STM32CubeIDE/plugins/com.st.stm32cube.ide.mcu.externaltools.gnu-tools-for-stm32.13.3.rel1.win32_1.0.0.202411081344/tools/bin/../lib/gcc/arm-none-eabi/13.3.1/../../../../arm-none-eabi/lib/thumb/v7-m/nofp/crt0.o
LOAD ./Core/Src/CLCD_I2C.o
LOAD ./Core/Src/app_freertos.o
LOAD ./Core/Src/as608.o
LOAD ./Core/Src/freertos.o
LOAD ./Core/Src/i2c-lcd.o
LOAD ./Core/Src/keypad.o
LOAD ./Core/Src/main.o
LOAD ./Core/Src/oled_ui.o
LOAD ./Core/Src/servo.o
LOAD ./Core/Src/ssd1306.o
LOAD ./Core/Src/ssd1306_fonts.o
LOAD ./Core/Src/stm32f1xx_hal_msp.o
LOAD ./Core/Src/stm32f1xx_hal_timebase_tim.o
LOAD ./Core/Src/stm32f1xx_it.o
LOAD ./Core/Src/syscalls.o
LOAD ./Core/Src/sysmem.o
LOAD ./Core/Src/system_stm32f1xx.o
LOAD ./Core/Startup/startup_stm32f103c8tx.o
LOAD ./Drivers/STM32F1xx_HAL_Driver/Src/stm32f1xx_hal.o
LOAD ./Drivers/STM32F1xx_HAL_Driver/Src/stm32f1xx_hal_cortex.o
LOAD ./Drivers/STM32F1xx_HAL_Driver/Src/stm32f1xx_hal_dma.o
LOAD ./Drivers/STM32F1xx_HAL_Driver/Src/stm32f1xx_hal_exti.o
LOAD ./Drivers/STM32F1xx_HAL_Driver/Src/stm32f1xx_hal_flash.o
LOAD ./Drivers/STM32F1xx_HAL_Driver/Src/stm32f1xx_hal_flash_ex.o
LOAD ./Drivers/STM32F1xx_HAL_Driver/Src/stm32f1xx_hal_gpio.o
LOAD ./Drivers/STM32F1xx_HAL_Driver/Src/stm32f1xx_hal_gpio_ex.o
LOAD ./Drivers/STM32F1xx_HAL_Driver/Src/stm32f1xx_hal_i2c.o
LOAD ./Drivers/STM32F1xx_HAL_Driver/Src/stm32f1xx_hal_pwr.o
LOAD ./Drivers/STM32F1xx_HAL_Driver/Src/stm32f1xx_hal_rcc.o
LOAD ./Drivers/STM32F1xx_HAL_Driver/Src/stm32f1xx_hal_rcc_ex.o
LOAD ./Drivers/STM32F1xx_HAL_Driver/Src/stm32f1xx_hal_tim.o
LOAD ./Drivers/STM32F1xx_HAL_Driver/Src/stm32f1xx_hal_tim_ex.o
LOAD ./Drivers/STM32F1xx_HAL_Driver/Src/stm32f1xx_hal_uart.o
LOAD ./Middlewares/Third_Party/FreeRTOS/Source/CMSIS_RTOS_V2/cmsis_os2.o
LOAD ./Middlewares/Third_Party/FreeRTOS/Source/croutine.o
LOAD ./Middlewares/Third_Party/FreeRTOS/Source/event_groups.o
LOAD ./Middlewares/Third_Party/FreeRTOS/Source/list.o
LOAD ./Middlewares/Third_Party/FreeRTOS/Source/queue.o
LOAD ./Middlewares/Third_Party/FreeRTOS/Source/stream_buffer.o
LOAD ./Middlewares/Third_Party/FreeRTOS/Source/tasks.o
LOAD ./Middlewares/Third_Party/FreeRTOS/Source/timers.o
LOAD ./Middlewares/Third_Party/FreeRTOS/Source/portable/GCC/ARM_CM3/port.o
LOAD ./Middlewares/Third_Party/FreeRTOS/Source/portable/MemMang/heap_4.o
START GROUP
LOAD C:/ST/STM32CubeIDE_1.17.0/STM32CubeIDE/plugins/com.st.stm32cube.ide.mcu.externaltools.gnu-tools-for-stm32.13.3.rel1.win32_1.0.0.202411081344/tools/bin/../lib/gcc/arm-none-eabi/13.3.1/../../../../arm-none-eabi/lib/thumb/v7-m/nofp\libc_nano.a
LOAD C:/ST/STM32CubeIDE_1.17.0/STM32CubeIDE/plugins/com.st.stm32cube.ide.mcu.externaltools.gnu-tools-for-stm32.13.3.rel1.win32_1.0.0.202411081344/tools/bin/../lib/gcc/arm-none-eabi/13.3.1/../../../../arm-none-eabi/lib/thumb/v7-m/nofp\libm.a
END GROUP
START GROUP
LOAD C:/ST/STM32CubeIDE_1.17.0/STM32CubeIDE/plugins/com.st.stm32cube.ide.mcu.externaltools.gnu-tools-for-stm32.13.3.rel1.win32_1.0.0.202411081344/tools/bin/../lib/gcc/arm-none-eabi/13.3.1/thumb/v7-m/nofp\libgcc.a
LOAD C:/ST/STM32CubeIDE_1.17.0/STM32CubeIDE/plugins/com.st.stm32cube.ide.mcu.externaltools.gnu-tools-for-stm32.13.3.rel1.win32_1.0.0.202411081344/tools/bin/../lib/gcc/arm-none-eabi/13.3.1/../../../../arm-none-eabi/lib/thumb/v7-m/nofp\libc_nano.a
END GROUP
START GROUP
LOAD C:/ST/STM32CubeIDE_1.17.0/STM32CubeIDE/plugins/com.st.stm32cube.ide.mcu.externaltools.gnu-tools-for-stm32.13.3.rel1.win32_1.0.0.202411081344/tools/bin/../lib/gcc/arm-none-eabi/13.3.1/thumb/v7-m/nofp\libgcc.a
LOAD C:/ST/STM32CubeIDE_1.17.0/STM32CubeIDE/plugins/com.st.stm32cube.ide.mcu.externaltools.gnu-tools-for-stm32.13.3.rel1.win32_1.0.0.202411081344/tools/bin/../lib/gcc/arm-none-eabi/13.3.1/../../../../arm-none-eabi/lib/thumb/v7-m/nofp\libc_nano.a
LOAD C:/ST/STM32CubeIDE_1.17.0/STM32CubeIDE/plugins/com.st.stm32cube.ide.mcu.externaltools.gnu-tools-for-stm32.13.3.rel1.win32_1.0.0.202411081344/tools/bin/../lib/gcc/arm-none-eabi/13.3.1/../../../../arm-none-eabi/lib/thumb/v7-m/nofp\libnosys.a
END GROUP
START GROUP
LOAD C:/ST/STM32CubeIDE_1.17.0/STM32CubeIDE/plugins/com.st.stm32cube.ide.mcu.externaltools.gnu-tools-for-stm32.13.3.rel1.win32_1.0.0.202411081344/tools/bin/../lib/gcc/arm-none-eabi/13.3.1/thumb/v7-m/nofp\libgcc.a
LOAD C:/ST/STM32CubeIDE_1.17.0/STM32CubeIDE/plugins/com.st.stm32cube.ide.mcu.externaltools.gnu-tools-for-stm32.13.3.rel1.win32_1.0.0.202411081344/tools/bin/../lib/gcc/arm-none-eabi/13.3.1/../../../../arm-none-eabi/lib/thumb/v7-m/nofp\libc_nano.a
LOAD C:/ST/STM32CubeIDE_1.17.0/STM32CubeIDE/plugins/com.st.stm32cube.ide.mcu.externaltools.gnu-tools-for-stm32.13.3.rel1.win32_1.0.0.202411081344/tools/bin/../lib/gcc/arm-none-eabi/13.3.1/../../../../arm-none-eabi/lib/thumb/v7-m/nofp\libnosys.a
END GROUP
LOAD C:/ST/STM32CubeIDE_1.17.0/STM32CubeIDE/plugins/com.st.stm32cube.ide.mcu.externaltools.gnu-tools-for-stm32.13.3.rel1.win32_1.0.0.202411081344/tools/bin/../lib/gcc/arm-none-eabi/13.3.1/thumb/v7-m/nofp/crtend.o
LOAD C:/ST/STM32CubeIDE_1.17.0/STM32CubeIDE/plugins/com.st.stm32cube.ide.mcu.externaltools.gnu-tools-for-stm32.13.3.rel1.win32_1.0.0.202411081344/tools/bin/../lib/gcc/arm-none-eabi/13.3.1/thumb/v7-m/nofp/crtn.o
                0x20005000                        _estack = (ORIGIN (RAM) + LENGTH (RAM))
                0x00000200                        _Min_Heap_Size = 0x200
                0x00000400                        _Min_Stack_Size = 0x400

.isr_vector     0x08000000      0x10c
                0x08000000                        . = ALIGN (0x4)
 *(.isr_vector)
 .isr_vector    0x08000000      0x10c ./Core/Startup/startup_stm32f103c8tx.o
                0x08000000                g_pfnVectors
                0x0800010c                        . = ALIGN (0x4)

.text           0x08000110     0x8cfc
                0x08000110                        . = ALIGN (0x4)
 *(.text)
 .text          0x08000110       0x40 C:/ST/STM32CubeIDE_1.17.0/STM32CubeIDE/plugins/com.st.stm32cube.ide.mcu.externaltools.gnu-tools-for-stm32.13.3.rel1.win32_1.0.0.202411081344/tools/bin/../lib/gcc/arm-none-eabi/13.3.1/thumb/v7-m/nofp/crtbegin.o
 .text          0x08000150       0x14 C:/ST/STM32CubeIDE_1.17.0/STM32CubeIDE/plugins/com.st.stm32cube.ide.mcu.externaltools.gnu-tools-for-stm32.13.3.rel1.win32_1.0.0.202411081344/tools/bin/../lib/gcc/arm-none-eabi/13.3.1/../../../../arm-none-eabi/lib/thumb/v7-m/nofp\libc_nano.a(libc_a-strcmp.o)
                0x08000150                strcmp
 .text          0x08000164       0x10 C:/ST/STM32CubeIDE_1.17.0/STM32CubeIDE/plugins/com.st.stm32cube.ide.mcu.externaltools.gnu-tools-for-stm32.13.3.rel1.win32_1.0.0.202411081344/tools/bin/../lib/gcc/arm-none-eabi/13.3.1/../../../../arm-none-eabi/lib/thumb/v7-m/nofp\libc_nano.a(libc_a-strlen.o)
                0x08000164                strlen
 *(.text*)
 .text.CLCD_Delay
                0x08000174       0x2e ./Core/Src/CLCD_I2C.o
 .text.CLCD_WriteI2C
                0x080001a2       0xac ./Core/Src/CLCD_I2C.o
 .text.CLCD_I2C_Init
                0x0800024e       0xec ./Core/Src/CLCD_I2C.o
                0x0800024e                CLCD_I2C_Init
 .text.CLCD_I2C_SetCursor
                0x0800033a       0x86 ./Core/Src/CLCD_I2C.o
                0x0800033a                CLCD_I2C_SetCursor
 .text.CLCD_I2C_WriteChar
                0x080003c0       0x20 ./Core/Src/CLCD_I2C.o
                0x080003c0                CLCD_I2C_WriteChar
 .text.CLCD_I2C_WriteString
                0x080003e0       0x2e ./Core/Src/CLCD_I2C.o
                0x080003e0                CLCD_I2C_WriteString
 .text.CLCD_I2C_Clear
                0x0800040e       0x20 ./Core/Src/CLCD_I2C.o
                0x0800040e                CLCD_I2C_Clear
 *fill*         0x0800042e        0x2 
 .text.LCD_Print
                0x08000430       0x4c ./Core/Src/app_freertos.o
                0x08000430                LCD_Print
 .text.LCD_Clear
                0x0800047c       0x30 ./Core/Src/app_freertos.o
                0x0800047c                LCD_Clear
 .text.AddID    0x080004ac       0x40 ./Core/Src/app_freertos.o
                0x080004ac                AddID
 .text.RemoveID
                0x080004ec       0x80 ./Core/Src/app_freertos.o
                0x080004ec                RemoveID
 .text.App_Init_FreeRTOS
                0x0800056c      0x110 ./Core/Src/app_freertos.o
                0x0800056c                App_Init_FreeRTOS
 .text.Task_Input
                0x0800067c       0xe8 ./Core/Src/app_freertos.o
                0x0800067c                Task_Input
 .text.Task_Auth
                0x08000764      0x714 ./Core/Src/app_freertos.o
                0x08000764                Task_Auth
 .text.AutoLock_Callback
                0x08000e78       0x2c ./Core/Src/app_freertos.o
                0x08000e78                AutoLock_Callback
 .text.AS608_SendCommand
                0x08000ea4       0x4c ./Core/Src/as608.o
 .text.AS608_ReceiveResponse
                0x08000ef0       0x5c ./Core/Src/as608.o
 .text.AS608_GetImage
                0x08000f4c       0x3c ./Core/Src/as608.o
                0x08000f4c                AS608_GetImage
 .text.AS608_GenChar
                0x08000f88       0x4c ./Core/Src/as608.o
                0x08000f88                AS608_GenChar
 .text.AS608_Search
                0x08000fd4       0x8c ./Core/Src/as608.o
                0x08000fd4                AS608_Search
 .text.AS608_CheckFingerprint
                0x08001060       0x50 ./Core/Src/as608.o
                0x08001060                AS608_CheckFingerprint
 .text.AS608_RegModel
                0x080010b0       0x60 ./Core/Src/as608.o
                0x080010b0                AS608_RegModel
 .text.AS608_StoreChar
                0x08001110       0x9c ./Core/Src/as608.o
                0x08001110                AS608_StoreChar
 .text.AS608_Enroll
                0x080011ac       0xf8 ./Core/Src/as608.o
                0x080011ac                AS608_Enroll
 .text.Keypad_GetKey
                0x080012a4      0x120 ./Core/Src/keypad.o
                0x080012a4                Keypad_GetKey
 .text.main     0x080013c4       0x50 ./Core/Src/main.o
                0x080013c4                main
 .text.SystemClock_Config
                0x08001414       0x8a ./Core/Src/main.o
                0x08001414                SystemClock_Config
 *fill*         0x0800149e        0x2 
 .text.MX_I2C1_Init
                0x080014a0       0x5c ./Core/Src/main.o
 .text.MX_TIM2_Init
                0x080014fc       0xec ./Core/Src/main.o
 .text.MX_USART1_UART_Init
                0x080015e8       0x54 ./Core/Src/main.o
 .text.MX_USART2_UART_Init
                0x0800163c       0x54 ./Core/Src/main.o
 .text.MX_GPIO_Init
                0x08001690       0xdc ./Core/Src/main.o
 .text.StartDefaultTask
                0x0800176c       0x10 ./Core/Src/main.o
                0x0800176c                StartDefaultTask
 .text.HAL_TIM_PeriodElapsedCallback
                0x0800177c       0x24 ./Core/Src/main.o
                0x0800177c                HAL_TIM_PeriodElapsedCallback
 .text.Error_Handler
                0x080017a0        0xc ./Core/Src/main.o
                0x080017a0                Error_Handler
 .text.Servo_Init
                0x080017ac       0x18 ./Core/Src/servo.o
                0x080017ac                Servo_Init
 .text.Lock_Open
                0x080017c4       0x1c ./Core/Src/servo.o
                0x080017c4                Lock_Open
 .text.Lock_Close
                0x080017e0       0x1c ./Core/Src/servo.o
                0x080017e0                Lock_Close
 .text.HAL_MspInit
                0x080017fc       0x70 ./Core/Src/stm32f1xx_hal_msp.o
                0x080017fc                HAL_MspInit
 .text.HAL_I2C_MspInit
                0x0800186c       0x7c ./Core/Src/stm32f1xx_hal_msp.o
                0x0800186c                HAL_I2C_MspInit
 .text.HAL_TIM_Base_MspInit
                0x080018e8       0x38 ./Core/Src/stm32f1xx_hal_msp.o
                0x080018e8                HAL_TIM_Base_MspInit
 .text.HAL_TIM_MspPostInit
                0x08001920       0x60 ./Core/Src/stm32f1xx_hal_msp.o
                0x08001920                HAL_TIM_MspPostInit
 .text.HAL_UART_MspInit
                0x08001980      0x118 ./Core/Src/stm32f1xx_hal_msp.o
                0x08001980                HAL_UART_MspInit
 .text.HAL_InitTick
                0x08001a98       0xfc ./Core/Src/stm32f1xx_hal_timebase_tim.o
                0x08001a98                HAL_InitTick
 .text.NMI_Handler
                0x08001b94        0x8 ./Core/Src/stm32f1xx_it.o
                0x08001b94                NMI_Handler
 .text.HardFault_Handler
                0x08001b9c        0x8 ./Core/Src/stm32f1xx_it.o
                0x08001b9c                HardFault_Handler
 .text.MemManage_Handler
                0x08001ba4        0x8 ./Core/Src/stm32f1xx_it.o
                0x08001ba4                MemManage_Handler
 .text.BusFault_Handler
                0x08001bac        0x8 ./Core/Src/stm32f1xx_it.o
                0x08001bac                BusFault_Handler
 .text.UsageFault_Handler
                0x08001bb4        0x8 ./Core/Src/stm32f1xx_it.o
                0x08001bb4                UsageFault_Handler
 .text.DebugMon_Handler
                0x08001bbc        0xc ./Core/Src/stm32f1xx_it.o
                0x08001bbc                DebugMon_Handler
 .text.TIM4_IRQHandler
                0x08001bc8       0x14 ./Core/Src/stm32f1xx_it.o
                0x08001bc8                TIM4_IRQHandler
 .text.USART1_IRQHandler
                0x08001bdc       0x14 ./Core/Src/stm32f1xx_it.o
                0x08001bdc                USART1_IRQHandler
 .text.SystemInit
                0x08001bf0        0xc ./Core/Src/system_stm32f1xx.o
                0x08001bf0                SystemInit
 .text.Reset_Handler
                0x08001bfc       0x48 ./Core/Startup/startup_stm32f103c8tx.o
                0x08001bfc                Reset_Handler
 .text.Default_Handler
                0x08001c44        0x2 ./Core/Startup/startup_stm32f103c8tx.o
                0x08001c44                RTC_Alarm_IRQHandler
                0x08001c44                EXTI2_IRQHandler
                0x08001c44                TIM1_CC_IRQHandler
                0x08001c44                PVD_IRQHandler
                0x08001c44                EXTI3_IRQHandler
                0x08001c44                EXTI0_IRQHandler
                0x08001c44                I2C2_EV_IRQHandler
                0x08001c44                ADC1_2_IRQHandler
                0x08001c44                SPI1_IRQHandler
                0x08001c44                TAMPER_IRQHandler
                0x08001c44                DMA1_Channel4_IRQHandler
                0x08001c44                USART3_IRQHandler
                0x08001c44                RTC_IRQHandler
                0x08001c44                DMA1_Channel7_IRQHandler
                0x08001c44                CAN1_RX1_IRQHandler
                0x08001c44                I2C1_EV_IRQHandler
                0x08001c44                DMA1_Channel6_IRQHandler
                0x08001c44                TIM3_IRQHandler
                0x08001c44                RCC_IRQHandler
                0x08001c44                TIM1_TRG_COM_IRQHandler
                0x08001c44                DMA1_Channel1_IRQHandler
                0x08001c44                Default_Handler
                0x08001c44                EXTI15_10_IRQHandler
                0x08001c44                EXTI9_5_IRQHandler
                0x08001c44                SPI2_IRQHandler
                0x08001c44                DMA1_Channel5_IRQHandler
                0x08001c44                EXTI4_IRQHandler
                0x08001c44                USB_LP_CAN1_RX0_IRQHandler
                0x08001c44                USB_HP_CAN1_TX_IRQHandler
                0x08001c44                DMA1_Channel3_IRQHandler
                0x08001c44                TIM1_UP_IRQHandler
                0x08001c44                WWDG_IRQHandler
                0x08001c44                TIM2_IRQHandler
                0x08001c44                TIM1_BRK_IRQHandler
                0x08001c44                EXTI1_IRQHandler
                0x08001c44                USART2_IRQHandler
                0x08001c44                I2C2_ER_IRQHandler
                0x08001c44                DMA1_Channel2_IRQHandler
                0x08001c44                CAN1_SCE_IRQHandler
                0x08001c44                FLASH_IRQHandler
                0x08001c44                I2C1_ER_IRQHandler
                0x08001c44                USBWakeUp_IRQHandler
 *fill*         0x08001c46        0x2 
 .text.HAL_Init
                0x08001c48       0x2c ./Drivers/STM32F1xx_HAL_Driver/Src/stm32f1xx_hal.o
                0x08001c48                HAL_Init
 .text.HAL_IncTick
                0x08001c74       0x24 ./Drivers/STM32F1xx_HAL_Driver/Src/stm32f1xx_hal.o
                0x08001c74                HAL_IncTick
 .text.HAL_GetTick
                0x08001c98       0x14 ./Drivers/STM32F1xx_HAL_Driver/Src/stm32f1xx_hal.o
                0x08001c98                HAL_GetTick
 .text.HAL_Delay
                0x08001cac       0x48 ./Drivers/STM32F1xx_HAL_Driver/Src/stm32f1xx_hal.o
                0x08001cac                HAL_Delay
 .text.__NVIC_SetPriorityGrouping
                0x08001cf4       0x48 ./Drivers/STM32F1xx_HAL_Driver/Src/stm32f1xx_hal_cortex.o
 .text.__NVIC_GetPriorityGrouping
                0x08001d3c       0x1c ./Drivers/STM32F1xx_HAL_Driver/Src/stm32f1xx_hal_cortex.o
 .text.__NVIC_EnableIRQ
                0x08001d58       0x38 ./Drivers/STM32F1xx_HAL_Driver/Src/stm32f1xx_hal_cortex.o
 .text.__NVIC_SetPriority
                0x08001d90       0x54 ./Drivers/STM32F1xx_HAL_Driver/Src/stm32f1xx_hal_cortex.o
 .text.NVIC_EncodePriority
                0x08001de4       0x64 ./Drivers/STM32F1xx_HAL_Driver/Src/stm32f1xx_hal_cortex.o
 .text.HAL_NVIC_SetPriorityGrouping
                0x08001e48       0x16 ./Drivers/STM32F1xx_HAL_Driver/Src/stm32f1xx_hal_cortex.o
                0x08001e48                HAL_NVIC_SetPriorityGrouping
 .text.HAL_NVIC_SetPriority
                0x08001e5e       0x38 ./Drivers/STM32F1xx_HAL_Driver/Src/stm32f1xx_hal_cortex.o
                0x08001e5e                HAL_NVIC_SetPriority
 .text.HAL_NVIC_EnableIRQ
                0x08001e96       0x1c ./Drivers/STM32F1xx_HAL_Driver/Src/stm32f1xx_hal_cortex.o
                0x08001e96                HAL_NVIC_EnableIRQ
 .text.HAL_DMA_Abort
                0x08001eb2       0x76 ./Drivers/STM32F1xx_HAL_Driver/Src/stm32f1xx_hal_dma.o
                0x08001eb2                HAL_DMA_Abort
 .text.HAL_DMA_Abort_IT
                0x08001f28       0xf0 ./Drivers/STM32F1xx_HAL_Driver/Src/stm32f1xx_hal_dma.o
                0x08001f28                HAL_DMA_Abort_IT
 .text.HAL_GPIO_Init
                0x08002018      0x308 ./Drivers/STM32F1xx_HAL_Driver/Src/stm32f1xx_hal_gpio.o
                0x08002018                HAL_GPIO_Init
 .text.HAL_GPIO_ReadPin
                0x08002320       0x2e ./Drivers/STM32F1xx_HAL_Driver/Src/stm32f1xx_hal_gpio.o
                0x08002320                HAL_GPIO_ReadPin
 .text.HAL_GPIO_WritePin
                0x0800234e       0x30 ./Drivers/STM32F1xx_HAL_Driver/Src/stm32f1xx_hal_gpio.o
                0x0800234e                HAL_GPIO_WritePin
 *fill*         0x0800237e        0x2 
 .text.HAL_I2C_Init
                0x08002380      0x288 ./Drivers/STM32F1xx_HAL_Driver/Src/stm32f1xx_hal_i2c.o
                0x08002380                HAL_I2C_Init
 .text.HAL_I2C_Master_Transmit
                0x08002608      0x1fc ./Drivers/STM32F1xx_HAL_Driver/Src/stm32f1xx_hal_i2c.o
                0x08002608                HAL_I2C_Master_Transmit
 .text.I2C_MasterRequestWrite
                0x08002804      0x104 ./Drivers/STM32F1xx_HAL_Driver/Src/stm32f1xx_hal_i2c.o
 .text.I2C_WaitOnFlagUntilTimeout
                0x08002908       0xf4 ./Drivers/STM32F1xx_HAL_Driver/Src/stm32f1xx_hal_i2c.o
 .text.I2C_WaitOnMasterAddressFlagUntilTimeout
                0x080029fc      0x140 ./Drivers/STM32F1xx_HAL_Driver/Src/stm32f1xx_hal_i2c.o
 .text.I2C_WaitOnTXEFlagUntilTimeout
                0x08002b3c       0x90 ./Drivers/STM32F1xx_HAL_Driver/Src/stm32f1xx_hal_i2c.o
 .text.I2C_WaitOnBTFFlagUntilTimeout
                0x08002bcc       0x90 ./Drivers/STM32F1xx_HAL_Driver/Src/stm32f1xx_hal_i2c.o
 .text.I2C_IsAcknowledgeFailed
                0x08002c5c       0x5c ./Drivers/STM32F1xx_HAL_Driver/Src/stm32f1xx_hal_i2c.o
 .text.HAL_RCC_OscConfig
                0x08002cb8      0x504 ./Drivers/STM32F1xx_HAL_Driver/Src/stm32f1xx_hal_rcc.o
                0x08002cb8                HAL_RCC_OscConfig
 .text.HAL_RCC_ClockConfig
                0x080031bc      0x1d4 ./Drivers/STM32F1xx_HAL_Driver/Src/stm32f1xx_hal_rcc.o
                0x080031bc                HAL_RCC_ClockConfig
 .text.HAL_RCC_GetSysClockFreq
                0x08003390       0xa8 ./Drivers/STM32F1xx_HAL_Driver/Src/stm32f1xx_hal_rcc.o
                0x08003390                HAL_RCC_GetSysClockFreq
 .text.HAL_RCC_GetHCLKFreq
                0x08003438       0x14 ./Drivers/STM32F1xx_HAL_Driver/Src/stm32f1xx_hal_rcc.o
                0x08003438                HAL_RCC_GetHCLKFreq
 .text.HAL_RCC_GetPCLK1Freq
                0x0800344c       0x28 ./Drivers/STM32F1xx_HAL_Driver/Src/stm32f1xx_hal_rcc.o
                0x0800344c                HAL_RCC_GetPCLK1Freq
 .text.HAL_RCC_GetPCLK2Freq
                0x08003474       0x28 ./Drivers/STM32F1xx_HAL_Driver/Src/stm32f1xx_hal_rcc.o
                0x08003474                HAL_RCC_GetPCLK2Freq
 .text.HAL_RCC_GetClockConfig
                0x0800349c       0x60 ./Drivers/STM32F1xx_HAL_Driver/Src/stm32f1xx_hal_rcc.o
                0x0800349c                HAL_RCC_GetClockConfig
 .text.RCC_Delay
                0x080034fc       0x3c ./Drivers/STM32F1xx_HAL_Driver/Src/stm32f1xx_hal_rcc.o
 .text.HAL_TIM_Base_Init
                0x08003538       0x9e ./Drivers/STM32F1xx_HAL_Driver/Src/stm32f1xx_hal_tim.o
                0x08003538                HAL_TIM_Base_Init
 *fill*         0x080035d6        0x2 
 .text.HAL_TIM_Base_Start_IT
                0x080035d8       0xa4 ./Drivers/STM32F1xx_HAL_Driver/Src/stm32f1xx_hal_tim.o
                0x080035d8                HAL_TIM_Base_Start_IT
 .text.HAL_TIM_PWM_Init
                0x0800367c       0x9e ./Drivers/STM32F1xx_HAL_Driver/Src/stm32f1xx_hal_tim.o
                0x0800367c                HAL_TIM_PWM_Init
 .text.HAL_TIM_PWM_MspInit
                0x0800371a       0x12 ./Drivers/STM32F1xx_HAL_Driver/Src/stm32f1xx_hal_tim.o
                0x0800371a                HAL_TIM_PWM_MspInit
 .text.HAL_TIM_PWM_Start
                0x0800372c      0x144 ./Drivers/STM32F1xx_HAL_Driver/Src/stm32f1xx_hal_tim.o
                0x0800372c                HAL_TIM_PWM_Start
 .text.HAL_TIM_IRQHandler
                0x08003870      0x1e0 ./Drivers/STM32F1xx_HAL_Driver/Src/stm32f1xx_hal_tim.o
                0x08003870                HAL_TIM_IRQHandler
 .text.HAL_TIM_PWM_ConfigChannel
                0x08003a50      0x184 ./Drivers/STM32F1xx_HAL_Driver/Src/stm32f1xx_hal_tim.o
                0x08003a50                HAL_TIM_PWM_ConfigChannel
 .text.HAL_TIM_ConfigClockSource
                0x08003bd4      0x18e ./Drivers/STM32F1xx_HAL_Driver/Src/stm32f1xx_hal_tim.o
                0x08003bd4                HAL_TIM_ConfigClockSource
 .text.HAL_TIM_OC_DelayElapsedCallback
                0x08003d62       0x12 ./Drivers/STM32F1xx_HAL_Driver/Src/stm32f1xx_hal_tim.o
                0x08003d62                HAL_TIM_OC_DelayElapsedCallback
 .text.HAL_TIM_IC_CaptureCallback
                0x08003d74       0x12 ./Drivers/STM32F1xx_HAL_Driver/Src/stm32f1xx_hal_tim.o
                0x08003d74                HAL_TIM_IC_CaptureCallback
 .text.HAL_TIM_PWM_PulseFinishedCallback
                0x08003d86       0x12 ./Drivers/STM32F1xx_HAL_Driver/Src/stm32f1xx_hal_tim.o
                0x08003d86                HAL_TIM_PWM_PulseFinishedCallback
 .text.HAL_TIM_TriggerCallback
                0x08003d98       0x12 ./Drivers/STM32F1xx_HAL_Driver/Src/stm32f1xx_hal_tim.o
                0x08003d98                HAL_TIM_TriggerCallback
 *fill*         0x08003daa        0x2 
 .text.TIM_Base_SetConfig
                0x08003dac       0xdc ./Drivers/STM32F1xx_HAL_Driver/Src/stm32f1xx_hal_tim.o
                0x08003dac                TIM_Base_SetConfig
 .text.TIM_OC1_SetConfig
                0x08003e88       0xcc ./Drivers/STM32F1xx_HAL_Driver/Src/stm32f1xx_hal_tim.o
 .text.TIM_OC2_SetConfig
                0x08003f54       0xd4 ./Drivers/STM32F1xx_HAL_Driver/Src/stm32f1xx_hal_tim.o
                0x08003f54                TIM_OC2_SetConfig
 .text.TIM_OC3_SetConfig
                0x08004028       0xd4 ./Drivers/STM32F1xx_HAL_Driver/Src/stm32f1xx_hal_tim.o
 .text.TIM_OC4_SetConfig
                0x080040fc       0x9c ./Drivers/STM32F1xx_HAL_Driver/Src/stm32f1xx_hal_tim.o
 .text.TIM_TI1_ConfigInputStage
                0x08004198       0x5c ./Drivers/STM32F1xx_HAL_Driver/Src/stm32f1xx_hal_tim.o
 .text.TIM_TI2_ConfigInputStage
                0x080041f4       0x5e ./Drivers/STM32F1xx_HAL_Driver/Src/stm32f1xx_hal_tim.o
 .text.TIM_ITRx_SetConfig
                0x08004252       0x34 ./Drivers/STM32F1xx_HAL_Driver/Src/stm32f1xx_hal_tim.o
 .text.TIM_ETR_SetConfig
                0x08004286       0x3e ./Drivers/STM32F1xx_HAL_Driver/Src/stm32f1xx_hal_tim.o
                0x08004286                TIM_ETR_SetConfig
 .text.TIM_CCxChannelCmd
                0x080042c4       0x48 ./Drivers/STM32F1xx_HAL_Driver/Src/stm32f1xx_hal_tim.o
                0x080042c4                TIM_CCxChannelCmd
 .text.HAL_TIMEx_MasterConfigSynchronization
                0x0800430c       0xbc ./Drivers/STM32F1xx_HAL_Driver/Src/stm32f1xx_hal_tim_ex.o
                0x0800430c                HAL_TIMEx_MasterConfigSynchronization
 .text.HAL_TIMEx_CommutCallback
                0x080043c8       0x12 ./Drivers/STM32F1xx_HAL_Driver/Src/stm32f1xx_hal_tim_ex.o
                0x080043c8                HAL_TIMEx_CommutCallback
 .text.HAL_TIMEx_BreakCallback
                0x080043da       0x12 ./Drivers/STM32F1xx_HAL_Driver/Src/stm32f1xx_hal_tim_ex.o
                0x080043da                HAL_TIMEx_BreakCallback
 .text.HAL_UART_Init
                0x080043ec       0xa0 ./Drivers/STM32F1xx_HAL_Driver/Src/stm32f1xx_hal_uart.o
                0x080043ec                HAL_UART_Init
 .text.HAL_UART_Transmit
                0x0800448c      0x116 ./Drivers/STM32F1xx_HAL_Driver/Src/stm32f1xx_hal_uart.o
                0x0800448c                HAL_UART_Transmit
 .text.HAL_UART_Receive
                0x080045a2      0x12e ./Drivers/STM32F1xx_HAL_Driver/Src/stm32f1xx_hal_uart.o
                0x080045a2                HAL_UART_Receive
 .text.HAL_UART_IRQHandler
                0x080046d0      0x524 ./Drivers/STM32F1xx_HAL_Driver/Src/stm32f1xx_hal_uart.o
                0x080046d0                HAL_UART_IRQHandler
 .text.HAL_UART_TxCpltCallback
                0x08004bf4       0x12 ./Drivers/STM32F1xx_HAL_Driver/Src/stm32f1xx_hal_uart.o
                0x08004bf4                HAL_UART_TxCpltCallback
 .text.HAL_UART_RxCpltCallback
                0x08004c06       0x12 ./Drivers/STM32F1xx_HAL_Driver/Src/stm32f1xx_hal_uart.o
                0x08004c06                HAL_UART_RxCpltCallback
 .text.HAL_UART_ErrorCallback
                0x08004c18       0x12 ./Drivers/STM32F1xx_HAL_Driver/Src/stm32f1xx_hal_uart.o
                0x08004c18                HAL_UART_ErrorCallback
 .text.HAL_UARTEx_RxEventCallback
                0x08004c2a       0x16 ./Drivers/STM32F1xx_HAL_Driver/Src/stm32f1xx_hal_uart.o
                0x08004c2a                HAL_UARTEx_RxEventCallback
 .text.UART_WaitOnFlagUntilTimeout
                0x08004c40       0xb2 ./Drivers/STM32F1xx_HAL_Driver/Src/stm32f1xx_hal_uart.o
 .text.UART_EndRxTransfer
                0x08004cf2       0xc4 ./Drivers/STM32F1xx_HAL_Driver/Src/stm32f1xx_hal_uart.o
 .text.UART_DMAAbortOnError
                0x08004db6       0x28 ./Drivers/STM32F1xx_HAL_Driver/Src/stm32f1xx_hal_uart.o
 .text.UART_Transmit_IT
                0x08004dde       0x9e ./Drivers/STM32F1xx_HAL_Driver/Src/stm32f1xx_hal_uart.o
 .text.UART_EndTransmit_IT
                0x08004e7c       0x30 ./Drivers/STM32F1xx_HAL_Driver/Src/stm32f1xx_hal_uart.o
 .text.UART_Receive_IT
                0x08004eac      0x17c ./Drivers/STM32F1xx_HAL_Driver/Src/stm32f1xx_hal_uart.o
 .text.UART_SetConfig
                0x08005028      0x11c ./Drivers/STM32F1xx_HAL_Driver/Src/stm32f1xx_hal_uart.o
 .text.__NVIC_SetPriority
                0x08005144       0x54 ./Middlewares/Third_Party/FreeRTOS/Source/CMSIS_RTOS_V2/cmsis_os2.o
 .text.SysTick_Handler
                0x08005198       0x20 ./Middlewares/Third_Party/FreeRTOS/Source/CMSIS_RTOS_V2/cmsis_os2.o
                0x08005198                SysTick_Handler
 .text.SVC_Setup
                0x080051b8       0x12 ./Middlewares/Third_Party/FreeRTOS/Source/CMSIS_RTOS_V2/cmsis_os2.o
 *fill*         0x080051ca        0x2 
 .text.osKernelInitialize
                0x080051cc       0x44 ./Middlewares/Third_Party/FreeRTOS/Source/CMSIS_RTOS_V2/cmsis_os2.o
                0x080051cc                osKernelInitialize
 .text.osKernelGetState
                0x08005210       0x44 ./Middlewares/Third_Party/FreeRTOS/Source/CMSIS_RTOS_V2/cmsis_os2.o
                0x08005210                osKernelGetState
 .text.osKernelStart
                0x08005254       0x4c ./Middlewares/Third_Party/FreeRTOS/Source/CMSIS_RTOS_V2/cmsis_os2.o
                0x08005254                osKernelStart
 .text.osThreadNew
                0x080052a0      0x124 ./Middlewares/Third_Party/FreeRTOS/Source/CMSIS_RTOS_V2/cmsis_os2.o
                0x080052a0                osThreadNew
 .text.osDelay  0x080053c4       0x36 ./Middlewares/Third_Party/FreeRTOS/Source/CMSIS_RTOS_V2/cmsis_os2.o
                0x080053c4                osDelay
 .text.TimerCallback
                0x080053fa       0x2a ./Middlewares/Third_Party/FreeRTOS/Source/CMSIS_RTOS_V2/cmsis_os2.o
 .text.osTimerNew
                0x08005424       0xf8 ./Middlewares/Third_Party/FreeRTOS/Source/CMSIS_RTOS_V2/cmsis_os2.o
                0x08005424                osTimerNew
 .text.osTimerStart
                0x0800551c       0x5c ./Middlewares/Third_Party/FreeRTOS/Source/CMSIS_RTOS_V2/cmsis_os2.o
                0x0800551c                osTimerStart
 .text.osTimerStop
                0x08005578       0x6e ./Middlewares/Third_Party/FreeRTOS/Source/CMSIS_RTOS_V2/cmsis_os2.o
                0x08005578                osTimerStop
 .text.osMutexNew
                0x080055e6      0x10c ./Middlewares/Third_Party/FreeRTOS/Source/CMSIS_RTOS_V2/cmsis_os2.o
                0x080055e6                osMutexNew
 .text.osMutexAcquire
                0x080056f2       0x96 ./Middlewares/Third_Party/FreeRTOS/Source/CMSIS_RTOS_V2/cmsis_os2.o
                0x080056f2                osMutexAcquire
 .text.osMutexRelease
                0x08005788       0x7a ./Middlewares/Third_Party/FreeRTOS/Source/CMSIS_RTOS_V2/cmsis_os2.o
                0x08005788                osMutexRelease
 .text.osMessageQueueNew
                0x08005802       0xe6 ./Middlewares/Third_Party/FreeRTOS/Source/CMSIS_RTOS_V2/cmsis_os2.o
                0x08005802                osMessageQueueNew
 .text.osMessageQueuePut
                0x080058e8       0xc0 ./Middlewares/Third_Party/FreeRTOS/Source/CMSIS_RTOS_V2/cmsis_os2.o
                0x080058e8                osMessageQueuePut
 .text.osMessageQueueGet
                0x080059a8       0xbc ./Middlewares/Third_Party/FreeRTOS/Source/CMSIS_RTOS_V2/cmsis_os2.o
                0x080059a8                osMessageQueueGet
 .text.vApplicationGetIdleTaskMemory
                0x08005a64       0x30 ./Middlewares/Third_Party/FreeRTOS/Source/CMSIS_RTOS_V2/cmsis_os2.o
                0x08005a64                vApplicationGetIdleTaskMemory
 .text.vApplicationGetTimerTaskMemory
                0x08005a94       0x34 ./Middlewares/Third_Party/FreeRTOS/Source/CMSIS_RTOS_V2/cmsis_os2.o
                0x08005a94                vApplicationGetTimerTaskMemory
 .text.vListInitialise
                0x08005ac8       0x3e ./Middlewares/Third_Party/FreeRTOS/Source/list.o
                0x08005ac8                vListInitialise
 .text.vListInitialiseItem
                0x08005b06       0x18 ./Middlewares/Third_Party/FreeRTOS/Source/list.o
                0x08005b06                vListInitialiseItem
 .text.vListInsertEnd
                0x08005b1e       0x46 ./Middlewares/Third_Party/FreeRTOS/Source/list.o
                0x08005b1e                vListInsertEnd
 .text.vListInsert
                0x08005b64       0x70 ./Middlewares/Third_Party/FreeRTOS/Source/list.o
                0x08005b64                vListInsert
 .text.uxListRemove
                0x08005bd4       0x52 ./Middlewares/Third_Party/FreeRTOS/Source/list.o
                0x08005bd4                uxListRemove
 *fill*         0x08005c26        0x2 
 .text.xQueueGenericReset
                0x08005c28       0xd4 ./Middlewares/Third_Party/FreeRTOS/Source/queue.o
                0x08005c28                xQueueGenericReset
 .text.xQueueGenericCreateStatic
                0x08005cfc       0xfa ./Middlewares/Third_Party/FreeRTOS/Source/queue.o
                0x08005cfc                xQueueGenericCreateStatic
 .text.xQueueGenericCreate
                0x08005df6       0x76 ./Middlewares/Third_Party/FreeRTOS/Source/queue.o
                0x08005df6                xQueueGenericCreate
 .text.prvInitialiseNewQueue
                0x08005e6c       0x46 ./Middlewares/Third_Party/FreeRTOS/Source/queue.o
 .text.prvInitialiseMutex
                0x08005eb2       0x34 ./Middlewares/Third_Party/FreeRTOS/Source/queue.o
 .text.xQueueCreateMutex
                0x08005ee6       0x30 ./Middlewares/Third_Party/FreeRTOS/Source/queue.o
                0x08005ee6                xQueueCreateMutex
 .text.xQueueCreateMutexStatic
                0x08005f16       0x36 ./Middlewares/Third_Party/FreeRTOS/Source/queue.o
                0x08005f16                xQueueCreateMutexStatic
 .text.xQueueGiveMutexRecursive
                0x08005f4c       0x6a ./Middlewares/Third_Party/FreeRTOS/Source/queue.o
                0x08005f4c                xQueueGiveMutexRecursive
 .text.xQueueTakeMutexRecursive
                0x08005fb6       0x6e ./Middlewares/Third_Party/FreeRTOS/Source/queue.o
                0x08005fb6                xQueueTakeMutexRecursive
 .text.xQueueGenericSend
                0x08006024      0x204 ./Middlewares/Third_Party/FreeRTOS/Source/queue.o
                0x08006024                xQueueGenericSend
 .text.xQueueGenericSendFromISR
                0x08006228      0x13c ./Middlewares/Third_Party/FreeRTOS/Source/queue.o
                0x08006228                xQueueGenericSendFromISR
 .text.xQueueReceive
                0x08006364      0x1c4 ./Middlewares/Third_Party/FreeRTOS/Source/queue.o
                0x08006364                xQueueReceive
 .text.xQueueSemaphoreTake
                0x08006528      0x220 ./Middlewares/Third_Party/FreeRTOS/Source/queue.o
                0x08006528                xQueueSemaphoreTake
 .text.xQueueReceiveFromISR
                0x08006748      0x104 ./Middlewares/Third_Party/FreeRTOS/Source/queue.o
                0x08006748                xQueueReceiveFromISR
 .text.prvGetDisinheritPriorityAfterTimeout
                0x0800684c       0x2e ./Middlewares/Third_Party/FreeRTOS/Source/queue.o
 .text.prvCopyDataToQueue
                0x0800687a       0xd4 ./Middlewares/Third_Party/FreeRTOS/Source/queue.o
 .text.prvCopyDataFromQueue
                0x0800694e       0x4c ./Middlewares/Third_Party/FreeRTOS/Source/queue.o
 .text.prvUnlockQueue
                0x0800699a       0xa4 ./Middlewares/Third_Party/FreeRTOS/Source/queue.o
 .text.prvIsQueueEmpty
                0x08006a3e       0x2c ./Middlewares/Third_Party/FreeRTOS/Source/queue.o
 .text.prvIsQueueFull
                0x08006a6a       0x30 ./Middlewares/Third_Party/FreeRTOS/Source/queue.o
 *fill*         0x08006a9a        0x2 
 .text.vQueueAddToRegistry
                0x08006a9c       0x50 ./Middlewares/Third_Party/FreeRTOS/Source/queue.o
                0x08006a9c                vQueueAddToRegistry
 .text.vQueueWaitForMessageRestricted
                0x08006aec       0x68 ./Middlewares/Third_Party/FreeRTOS/Source/queue.o
                0x08006aec                vQueueWaitForMessageRestricted
 .text.xTaskCreateStatic
                0x08006b54       0xc0 ./Middlewares/Third_Party/FreeRTOS/Source/tasks.o
                0x08006b54                xTaskCreateStatic
 .text.xTaskCreate
                0x08006c14       0x8a ./Middlewares/Third_Party/FreeRTOS/Source/tasks.o
                0x08006c14                xTaskCreate
 *fill*         0x08006c9e        0x2 
 .text.prvInitialiseNewTask
                0x08006ca0      0x150 ./Middlewares/Third_Party/FreeRTOS/Source/tasks.o
 .text.prvAddNewTaskToReadyList
                0x08006df0       0xe0 ./Middlewares/Third_Party/FreeRTOS/Source/tasks.o
 .text.vTaskDelay
                0x08006ed0       0x6c ./Middlewares/Third_Party/FreeRTOS/Source/tasks.o
                0x08006ed0                vTaskDelay
 .text.vTaskStartScheduler
                0x08006f3c       0xe0 ./Middlewares/Third_Party/FreeRTOS/Source/tasks.o
                0x08006f3c                vTaskStartScheduler
 .text.vTaskSuspendAll
                0x0800701c       0x1c ./Middlewares/Third_Party/FreeRTOS/Source/tasks.o
                0x0800701c                vTaskSuspendAll
 .text.xTaskResumeAll
                0x08007038      0x13c ./Middlewares/Third_Party/FreeRTOS/Source/tasks.o
                0x08007038                xTaskResumeAll
 .text.xTaskGetTickCount
                0x08007174       0x1c ./Middlewares/Third_Party/FreeRTOS/Source/tasks.o
                0x08007174                xTaskGetTickCount
 .text.xTaskIncrementTick
                0x08007190      0x174 ./Middlewares/Third_Party/FreeRTOS/Source/tasks.o
                0x08007190                xTaskIncrementTick
 .text.vTaskSwitchContext
                0x08007304       0xc8 ./Middlewares/Third_Party/FreeRTOS/Source/tasks.o
                0x08007304                vTaskSwitchContext
 .text.vTaskPlaceOnEventList
                0x080073cc       0x4c ./Middlewares/Third_Party/FreeRTOS/Source/tasks.o
                0x080073cc                vTaskPlaceOnEventList
 .text.vTaskPlaceOnEventListRestricted
                0x08007418       0x58 ./Middlewares/Third_Party/FreeRTOS/Source/tasks.o
                0x08007418                vTaskPlaceOnEventListRestricted
 .text.xTaskRemoveFromEventList
                0x08007470       0xc8 ./Middlewares/Third_Party/FreeRTOS/Source/tasks.o
                0x08007470                xTaskRemoveFromEventList
 .text.vTaskInternalSetTimeOutState
                0x08007538       0x2c ./Middlewares/Third_Party/FreeRTOS/Source/tasks.o
                0x08007538                vTaskInternalSetTimeOutState
 .text.xTaskCheckForTimeOut
                0x08007564       0xc8 ./Middlewares/Third_Party/FreeRTOS/Source/tasks.o
                0x08007564                xTaskCheckForTimeOut
 .text.vTaskMissedYield
                0x0800762c       0x18 ./Middlewares/Third_Party/FreeRTOS/Source/tasks.o
                0x0800762c                vTaskMissedYield
 .text.prvIdleTask
                0x08007644       0x30 ./Middlewares/Third_Party/FreeRTOS/Source/tasks.o
 .text.prvInitialiseTaskLists
                0x08007674       0x80 ./Middlewares/Third_Party/FreeRTOS/Source/tasks.o
 .text.prvCheckTasksWaitingTermination
                0x080076f4       0x5c ./Middlewares/Third_Party/FreeRTOS/Source/tasks.o
 .text.prvDeleteTCB
                0x08007750       0x6a ./Middlewares/Third_Party/FreeRTOS/Source/tasks.o
 *fill*         0x080077ba        0x2 
 .text.prvResetNextTaskUnblockTime
                0x080077bc       0x40 ./Middlewares/Third_Party/FreeRTOS/Source/tasks.o
 .text.xTaskGetCurrentTaskHandle
                0x080077fc       0x1c ./Middlewares/Third_Party/FreeRTOS/Source/tasks.o
                0x080077fc                xTaskGetCurrentTaskHandle
 .text.xTaskGetSchedulerState
                0x08007818       0x3c ./Middlewares/Third_Party/FreeRTOS/Source/tasks.o
                0x08007818                xTaskGetSchedulerState
 .text.xTaskPriorityInherit
                0x08007854       0xd0 ./Middlewares/Third_Party/FreeRTOS/Source/tasks.o
                0x08007854                xTaskPriorityInherit
 .text.xTaskPriorityDisinherit
                0x08007924       0xe0 ./Middlewares/Third_Party/FreeRTOS/Source/tasks.o
                0x08007924                xTaskPriorityDisinherit
 .text.vTaskPriorityDisinheritAfterTimeout
                0x08007a04      0x108 ./Middlewares/Third_Party/FreeRTOS/Source/tasks.o
                0x08007a04                vTaskPriorityDisinheritAfterTimeout
 .text.pvTaskIncrementMutexHeldCount
                0x08007b0c       0x28 ./Middlewares/Third_Party/FreeRTOS/Source/tasks.o
                0x08007b0c                pvTaskIncrementMutexHeldCount
 .text.prvAddCurrentTaskToDelayedList
                0x08007b34       0xa8 ./Middlewares/Third_Party/FreeRTOS/Source/tasks.o
 .text.xTimerCreateTimerTask
                0x08007bdc       0x94 ./Middlewares/Third_Party/FreeRTOS/Source/timers.o
                0x08007bdc                xTimerCreateTimerTask
 .text.xTimerCreate
                0x08007c70       0x42 ./Middlewares/Third_Party/FreeRTOS/Source/timers.o
                0x08007c70                xTimerCreate
 .text.xTimerCreateStatic
                0x08007cb2       0x80 ./Middlewares/Third_Party/FreeRTOS/Source/timers.o
                0x08007cb2                xTimerCreateStatic
 .text.prvInitialiseNewTimer
                0x08007d32       0x78 ./Middlewares/Third_Party/FreeRTOS/Source/timers.o
 *fill*         0x08007daa        0x2 
 .text.xTimerGenericCommand
                0x08007dac       0x9c ./Middlewares/Third_Party/FreeRTOS/Source/timers.o
                0x08007dac                xTimerGenericCommand
 .text.prvProcessExpiredTimer
                0x08007e48       0x9c ./Middlewares/Third_Party/FreeRTOS/Source/timers.o
 .text.prvTimerTask
                0x08007ee4       0x26 ./Middlewares/Third_Party/FreeRTOS/Source/timers.o
 *fill*         0x08007f0a        0x2 
 .text.prvProcessTimerOrBlockTask
                0x08007f0c       0x9c ./Middlewares/Third_Party/FreeRTOS/Source/timers.o
 .text.prvGetNextExpireTime
                0x08007fa8       0x44 ./Middlewares/Third_Party/FreeRTOS/Source/timers.o
 .text.prvSampleTimeNow
                0x08007fec       0x40 ./Middlewares/Third_Party/FreeRTOS/Source/timers.o
 .text.prvInsertTimerInActiveList
                0x0800802c       0x84 ./Middlewares/Third_Party/FreeRTOS/Source/timers.o
 .text.prvProcessReceivedCommands
                0x080080b0      0x1cc ./Middlewares/Third_Party/FreeRTOS/Source/timers.o
 .text.prvSwitchTimerLists
                0x0800827c       0xcc ./Middlewares/Third_Party/FreeRTOS/Source/timers.o
 .text.prvCheckForValidListAndQueue
                0x08008348       0x80 ./Middlewares/Third_Party/FreeRTOS/Source/timers.o
 .text.xTimerIsTimerActive
                0x080083c8       0x54 ./Middlewares/Third_Party/FreeRTOS/Source/timers.o
                0x080083c8                xTimerIsTimerActive
 .text.pvTimerGetTimerID
                0x0800841c       0x42 ./Middlewares/Third_Party/FreeRTOS/Source/timers.o
                0x0800841c                pvTimerGetTimerID
 *fill*         0x0800845e        0x2 
 .text.pxPortInitialiseStack
                0x08008460       0x58 ./Middlewares/Third_Party/FreeRTOS/Source/portable/GCC/ARM_CM3/port.o
                0x08008460                pxPortInitialiseStack
 .text.prvTaskExitError
                0x080084b8       0x58 ./Middlewares/Third_Party/FreeRTOS/Source/portable/GCC/ARM_CM3/port.o
 .text.SVC_Handler
                0x08008510       0x28 ./Middlewares/Third_Party/FreeRTOS/Source/portable/GCC/ARM_CM3/port.o
                0x08008510                SVC_Handler
 .text.prvPortStartFirstTask
                0x08008538       0x20 ./Middlewares/Third_Party/FreeRTOS/Source/portable/GCC/ARM_CM3/port.o
 .text.xPortStartScheduler
                0x08008558       0xe4 ./Middlewares/Third_Party/FreeRTOS/Source/portable/GCC/ARM_CM3/port.o
                0x08008558                xPortStartScheduler
 .text.vPortEnterCritical
                0x0800863c       0x60 ./Middlewares/Third_Party/FreeRTOS/Source/portable/GCC/ARM_CM3/port.o
                0x0800863c                vPortEnterCritical
 .text.vPortExitCritical
                0x0800869c       0x54 ./Middlewares/Third_Party/FreeRTOS/Source/portable/GCC/ARM_CM3/port.o
                0x0800869c                vPortExitCritical
 .text.PendSV_Handler
                0x080086f0       0x48 ./Middlewares/Third_Party/FreeRTOS/Source/portable/GCC/ARM_CM3/port.o
                0x080086f0                PendSV_Handler
 .text.xPortSysTickHandler
                0x08008738       0x44 ./Middlewares/Third_Party/FreeRTOS/Source/portable/GCC/ARM_CM3/port.o
                0x08008738                xPortSysTickHandler
 .text.vPortSetupTimerInterrupt
                0x0800877c       0x44 ./Middlewares/Third_Party/FreeRTOS/Source/portable/GCC/ARM_CM3/port.o
                0x0800877c                vPortSetupTimerInterrupt
 .text.vPortValidateInterruptPriority
                0x080087c0       0x80 ./Middlewares/Third_Party/FreeRTOS/Source/portable/GCC/ARM_CM3/port.o
                0x080087c0                vPortValidateInterruptPriority
 .text.pvPortMalloc
                0x08008840      0x19c ./Middlewares/Third_Party/FreeRTOS/Source/portable/MemMang/heap_4.o
                0x08008840                pvPortMalloc
 .text.vPortFree
                0x080089dc       0xc8 ./Middlewares/Third_Party/FreeRTOS/Source/portable/MemMang/heap_4.o
                0x080089dc                vPortFree
 .text.prvHeapInit
                0x08008aa4       0xc4 ./Middlewares/Third_Party/FreeRTOS/Source/portable/MemMang/heap_4.o
 .text.prvInsertBlockIntoFreeList
                0x08008b68       0xb0 ./Middlewares/Third_Party/FreeRTOS/Source/portable/MemMang/heap_4.o
 .text.memset   0x08008c18       0x10 C:/ST/STM32CubeIDE_1.17.0/STM32CubeIDE/plugins/com.st.stm32cube.ide.mcu.externaltools.gnu-tools-for-stm32.13.3.rel1.win32_1.0.0.202411081344/tools/bin/../lib/gcc/arm-none-eabi/13.3.1/../../../../arm-none-eabi/lib/thumb/v7-m/nofp\libc_nano.a(libc_a-memset.o)
                0x08008c18                memset
 .text._reclaim_reent
                0x08008c28       0xbc C:/ST/STM32CubeIDE_1.17.0/STM32CubeIDE/plugins/com.st.stm32cube.ide.mcu.externaltools.gnu-tools-for-stm32.13.3.rel1.win32_1.0.0.202411081344/tools/bin/../lib/gcc/arm-none-eabi/13.3.1/../../../../arm-none-eabi/lib/thumb/v7-m/nofp\libc_nano.a(libc_a-reent.o)
                0x08008c28                _reclaim_reent
 .text.__libc_init_array
                0x08008ce4       0x48 C:/ST/STM32CubeIDE_1.17.0/STM32CubeIDE/plugins/com.st.stm32cube.ide.mcu.externaltools.gnu-tools-for-stm32.13.3.rel1.win32_1.0.0.202411081344/tools/bin/../lib/gcc/arm-none-eabi/13.3.1/../../../../arm-none-eabi/lib/thumb/v7-m/nofp\libc_nano.a(libc_a-init.o)
                0x08008ce4                __libc_init_array
 .text.__retarget_lock_acquire_recursive
                0x08008d2c        0x2 C:/ST/STM32CubeIDE_1.17.0/STM32CubeIDE/plugins/com.st.stm32cube.ide.mcu.externaltools.gnu-tools-for-stm32.13.3.rel1.win32_1.0.0.202411081344/tools/bin/../lib/gcc/arm-none-eabi/13.3.1/../../../../arm-none-eabi/lib/thumb/v7-m/nofp\libc_nano.a(libc_a-lock.o)
                0x08008d2c                __retarget_lock_acquire_recursive
 .text.__retarget_lock_release_recursive
                0x08008d2e        0x2 C:/ST/STM32CubeIDE_1.17.0/STM32CubeIDE/plugins/com.st.stm32cube.ide.mcu.externaltools.gnu-tools-for-stm32.13.3.rel1.win32_1.0.0.202411081344/tools/bin/../lib/gcc/arm-none-eabi/13.3.1/../../../../arm-none-eabi/lib/thumb/v7-m/nofp\libc_nano.a(libc_a-lock.o)
                0x08008d2e                __retarget_lock_release_recursive
 .text.memcpy   0x08008d30       0x1c C:/ST/STM32CubeIDE_1.17.0/STM32CubeIDE/plugins/com.st.stm32cube.ide.mcu.externaltools.gnu-tools-for-stm32.13.3.rel1.win32_1.0.0.202411081344/tools/bin/../lib/gcc/arm-none-eabi/13.3.1/../../../../arm-none-eabi/lib/thumb/v7-m/nofp\libc_nano.a(libc_a-memcpy-stub.o)
                0x08008d30                memcpy
 .text._free_r  0x08008d4c       0x90 C:/ST/STM32CubeIDE_1.17.0/STM32CubeIDE/plugins/com.st.stm32cube.ide.mcu.externaltools.gnu-tools-for-stm32.13.3.rel1.win32_1.0.0.202411081344/tools/bin/../lib/gcc/arm-none-eabi/13.3.1/../../../../arm-none-eabi/lib/thumb/v7-m/nofp\libc_nano.a(libc_a-freer.o)
                0x08008d4c                _free_r
 .text.__malloc_lock
                0x08008ddc        0xc C:/ST/STM32CubeIDE_1.17.0/STM32CubeIDE/plugins/com.st.stm32cube.ide.mcu.externaltools.gnu-tools-for-stm32.13.3.rel1.win32_1.0.0.202411081344/tools/bin/../lib/gcc/arm-none-eabi/13.3.1/../../../../arm-none-eabi/lib/thumb/v7-m/nofp\libc_nano.a(libc_a-mlock.o)
                0x08008ddc                __malloc_lock
 .text.__malloc_unlock
                0x08008de8        0xc C:/ST/STM32CubeIDE_1.17.0/STM32CubeIDE/plugins/com.st.stm32cube.ide.mcu.externaltools.gnu-tools-for-stm32.13.3.rel1.win32_1.0.0.202411081344/tools/bin/../lib/gcc/arm-none-eabi/13.3.1/../../../../arm-none-eabi/lib/thumb/v7-m/nofp\libc_nano.a(libc_a-mlock.o)
                0x08008de8                __malloc_unlock
 *(.glue_7)
 .glue_7        0x08008df4        0x0 linker stubs
 *(.glue_7t)
 .glue_7t       0x08008df4        0x0 linker stubs
 *(.eh_frame)
 .eh_frame      0x08008df4        0x0 C:/ST/STM32CubeIDE_1.17.0/STM32CubeIDE/plugins/com.st.stm32cube.ide.mcu.externaltools.gnu-tools-for-stm32.13.3.rel1.win32_1.0.0.202411081344/tools/bin/../lib/gcc/arm-none-eabi/13.3.1/thumb/v7-m/nofp/crtbegin.o
 *(.init)
 .init          0x08008df4        0x4 C:/ST/STM32CubeIDE_1.17.0/STM32CubeIDE/plugins/com.st.stm32cube.ide.mcu.externaltools.gnu-tools-for-stm32.13.3.rel1.win32_1.0.0.202411081344/tools/bin/../lib/gcc/arm-none-eabi/13.3.1/thumb/v7-m/nofp/crti.o
                0x08008df4                _init
 .init          0x08008df8        0x8 C:/ST/STM32CubeIDE_1.17.0/STM32CubeIDE/plugins/com.st.stm32cube.ide.mcu.externaltools.gnu-tools-for-stm32.13.3.rel1.win32_1.0.0.202411081344/tools/bin/../lib/gcc/arm-none-eabi/13.3.1/thumb/v7-m/nofp/crtn.o
 *(.fini)
 .fini          0x08008e00        0x4 C:/ST/STM32CubeIDE_1.17.0/STM32CubeIDE/plugins/com.st.stm32cube.ide.mcu.externaltools.gnu-tools-for-stm32.13.3.rel1.win32_1.0.0.202411081344/tools/bin/../lib/gcc/arm-none-eabi/13.3.1/thumb/v7-m/nofp/crti.o
                0x08008e00                _fini
 .fini          0x08008e04        0x8 C:/ST/STM32CubeIDE_1.17.0/STM32CubeIDE/plugins/com.st.stm32cube.ide.mcu.externaltools.gnu-tools-for-stm32.13.3.rel1.win32_1.0.0.202411081344/tools/bin/../lib/gcc/arm-none-eabi/13.3.1/thumb/v7-m/nofp/crtn.o
                0x08008e0c                        . = ALIGN (0x4)
                0x08008e0c                        _etext = .

.vfp11_veneer   0x08008e0c        0x0
 .vfp11_veneer  0x08008e0c        0x0 linker stubs

.v4_bx          0x08008e0c        0x0
 .v4_bx         0x08008e0c        0x0 linker stubs

.iplt           0x08008e0c        0x0
 .iplt          0x08008e0c        0x0 C:/ST/STM32CubeIDE_1.17.0/STM32CubeIDE/plugins/com.st.stm32cube.ide.mcu.externaltools.gnu-tools-for-stm32.13.3.rel1.win32_1.0.0.202411081344/tools/bin/../lib/gcc/arm-none-eabi/13.3.1/thumb/v7-m/nofp/crtbegin.o

.rodata         0x08008e0c      0x258
                0x08008e0c                        . = ALIGN (0x4)
 *(.rodata)
 .rodata        0x08008e0c      0x149 ./Core/Src/app_freertos.o
 *fill*         0x08008f55        0x3 
 .rodata        0x08008f58       0x78 ./Core/Src/as608.o
 .rodata        0x08008fd0        0xc ./Core/Src/main.o
 .rodata        0x08008fdc        0x5 ./Middlewares/Third_Party/FreeRTOS/Source/tasks.o
 *fill*         0x08008fe1        0x3 
 .rodata        0x08008fe4        0xd ./Middlewares/Third_Party/FreeRTOS/Source/timers.o
 *(.rodata*)
 *fill*         0x08008ff1        0x3 
 .rodata.correct_PIN
                0x08008ff4        0x5 ./Core/Src/app_freertos.o
                0x08008ff4                correct_PIN
 *fill*         0x08008ff9        0x3 
 .rodata.AS608_Header
                0x08008ffc        0x6 ./Core/Src/as608.o
                0x08008ffc                AS608_Header
 *fill*         0x08009002        0x2 
 .rodata.keyMap
                0x08009004       0x10 ./Core/Src/keypad.o
                0x08009004                keyMap
 .rodata.defaultTask_attributes
                0x08009014       0x24 ./Core/Src/main.o
                0x08009014                defaultTask_attributes
 .rodata.AHBPrescTable
                0x08009038       0x10 ./Core/Src/system_stm32f1xx.o
                0x08009038                AHBPrescTable
 .rodata.APBPrescTable
                0x08009048        0x8 ./Core/Src/system_stm32f1xx.o
                0x08009048                APBPrescTable
 .rodata.aPLLMULFactorTable.1
                0x08009050       0x10 ./Drivers/STM32F1xx_HAL_Driver/Src/stm32f1xx_hal_rcc.o
 .rodata.aPredivFactorTable.0
                0x08009060        0x2 ./Drivers/STM32F1xx_HAL_Driver/Src/stm32f1xx_hal_rcc.o
                0x08009064                        . = ALIGN (0x4)
 *fill*         0x08009062        0x2 

.ARM.extab      0x08009064        0x0
                0x08009064                        . = ALIGN (0x4)
 *(.ARM.extab* .gnu.linkonce.armextab.*)
                0x08009064                        . = ALIGN (0x4)

.ARM            0x08009064        0x8
                0x08009064                        . = ALIGN (0x4)
                0x08009064                        __exidx_start = .
 *(.ARM.exidx*)
 .ARM.exidx     0x08009064        0x8 C:/ST/STM32CubeIDE_1.17.0/STM32CubeIDE/plugins/com.st.stm32cube.ide.mcu.externaltools.gnu-tools-for-stm32.13.3.rel1.win32_1.0.0.202411081344/tools/bin/../lib/gcc/arm-none-eabi/13.3.1/../../../../arm-none-eabi/lib/thumb/v7-m/nofp\libc_nano.a(libc_a-strcmp.o)
 .ARM.exidx     0x0800906c        0x0 C:/ST/STM32CubeIDE_1.17.0/STM32CubeIDE/plugins/com.st.stm32cube.ide.mcu.externaltools.gnu-tools-for-stm32.13.3.rel1.win32_1.0.0.202411081344/tools/bin/../lib/gcc/arm-none-eabi/13.3.1/../../../../arm-none-eabi/lib/thumb/v7-m/nofp\libc_nano.a(libc_a-strlen.o)
                                  0x8 (size before relaxing)
                0x0800906c                        __exidx_end = .
                0x0800906c                        . = ALIGN (0x4)

.preinit_array  0x0800906c        0x0
                0x0800906c                        . = ALIGN (0x4)
                0x0800906c                        PROVIDE (__preinit_array_start = .)
 *(.preinit_array*)
                0x0800906c                        PROVIDE (__preinit_array_end = .)
                0x0800906c                        . = ALIGN (0x4)

.init_array     0x0800906c        0x4
                0x0800906c                        . = ALIGN (0x4)
                0x0800906c                        PROVIDE (__init_array_start = .)
 *(SORT_BY_NAME(.init_array.*))
 *(.init_array*)
 .init_array    0x0800906c        0x4 C:/ST/STM32CubeIDE_1.17.0/STM32CubeIDE/plugins/com.st.stm32cube.ide.mcu.externaltools.gnu-tools-for-stm32.13.3.rel1.win32_1.0.0.202411081344/tools/bin/../lib/gcc/arm-none-eabi/13.3.1/thumb/v7-m/nofp/crtbegin.o
                0x08009070                        PROVIDE (__init_array_end = .)
                0x08009070                        . = ALIGN (0x4)

.fini_array     0x08009070        0x4
                0x08009070                        . = ALIGN (0x4)
                [!provide]                        PROVIDE (__fini_array_start = .)
 *(SORT_BY_NAME(.fini_array.*))
 *(.fini_array*)
 .fini_array    0x08009070        0x4 C:/ST/STM32CubeIDE_1.17.0/STM32CubeIDE/plugins/com.st.stm32cube.ide.mcu.externaltools.gnu-tools-for-stm32.13.3.rel1.win32_1.0.0.202411081344/tools/bin/../lib/gcc/arm-none-eabi/13.3.1/thumb/v7-m/nofp/crtbegin.o
                [!provide]                        PROVIDE (__fini_array_end = .)
                0x08009074                        . = ALIGN (0x4)
                0x08009074                        _sidata = LOADADDR (.data)

.rel.dyn        0x08009074        0x0
 .rel.iplt      0x08009074        0x0 C:/ST/STM32CubeIDE_1.17.0/STM32CubeIDE/plugins/com.st.stm32cube.ide.mcu.externaltools.gnu-tools-for-stm32.13.3.rel1.win32_1.0.0.202411081344/tools/bin/../lib/gcc/arm-none-eabi/13.3.1/thumb/v7-m/nofp/crtbegin.o

.data           0x20000000       0x90 load address 0x08009074
                0x20000000                        . = ALIGN (0x4)
                0x20000000                        _sdata = .
 *(.data)
 *(.data*)
 .data.colPorts
                0x20000000       0x10 ./Core/Src/keypad.o
                0x20000000                colPorts
 .data.colPins  0x20000010        0x8 ./Core/Src/keypad.o
                0x20000010                colPins
 .data.rowPorts
                0x20000018       0x10 ./Core/Src/keypad.o
                0x20000018                rowPorts
 .data.rowPins  0x20000028        0x8 ./Core/Src/keypad.o
                0x20000028                rowPins
 .data.SystemCoreClock
                0x20000030        0x4 ./Core/Src/system_stm32f1xx.o
                0x20000030                SystemCoreClock
 .data.uwTickPrio
                0x20000034        0x4 ./Drivers/STM32F1xx_HAL_Driver/Src/stm32f1xx_hal.o
                0x20000034                uwTickPrio
 .data.uwTickFreq
                0x20000038        0x1 ./Drivers/STM32F1xx_HAL_Driver/Src/stm32f1xx_hal.o
                0x20000038                uwTickFreq
 *fill*         0x20000039        0x3 
 .data.uxCriticalNesting
                0x2000003c        0x4 ./Middlewares/Third_Party/FreeRTOS/Source/portable/GCC/ARM_CM3/port.o
 .data._impure_ptr
                0x20000040        0x4 C:/ST/STM32CubeIDE_1.17.0/STM32CubeIDE/plugins/com.st.stm32cube.ide.mcu.externaltools.gnu-tools-for-stm32.13.3.rel1.win32_1.0.0.202411081344/tools/bin/../lib/gcc/arm-none-eabi/13.3.1/../../../../arm-none-eabi/lib/thumb/v7-m/nofp\libc_nano.a(libc_a-impure.o)
                0x20000040                _impure_ptr
 .data._impure_data
                0x20000044       0x4c C:/ST/STM32CubeIDE_1.17.0/STM32CubeIDE/plugins/com.st.stm32cube.ide.mcu.externaltools.gnu-tools-for-stm32.13.3.rel1.win32_1.0.0.202411081344/tools/bin/../lib/gcc/arm-none-eabi/13.3.1/../../../../arm-none-eabi/lib/thumb/v7-m/nofp\libc_nano.a(libc_a-impure.o)
                0x20000044                _impure_data
 *(.RamFunc)
 *(.RamFunc*)
                0x20000090                        . = ALIGN (0x4)
                0x20000090                        _edata = .

.igot.plt       0x20000090        0x0 load address 0x08009104
 .igot.plt      0x20000090        0x0 C:/ST/STM32CubeIDE_1.17.0/STM32CubeIDE/plugins/com.st.stm32cube.ide.mcu.externaltools.gnu-tools-for-stm32.13.3.rel1.win32_1.0.0.202411081344/tools/bin/../lib/gcc/arm-none-eabi/13.3.1/thumb/v7-m/nofp/crtbegin.o
                0x20000090                        . = ALIGN (0x4)

.bss            0x20000090     0x1d10 load address 0x08009104
                0x20000090                        _sbss = .
                0x20000090                        __bss_start__ = _sbss
 *(.bss)
 .bss           0x20000090       0x1c C:/ST/STM32CubeIDE_1.17.0/STM32CubeIDE/plugins/com.st.stm32cube.ide.mcu.externaltools.gnu-tools-for-stm32.13.3.rel1.win32_1.0.0.202411081344/tools/bin/../lib/gcc/arm-none-eabi/13.3.1/thumb/v7-m/nofp/crtbegin.o
 *(.bss*)
 .bss.isEnrolling
                0x200000ac        0x1 ./Core/Src/app_freertos.o
                0x200000ac                isEnrolling
 *fill*         0x200000ad        0x3 
 .bss.inputTaskHandle
                0x200000b0        0x4 ./Core/Src/app_freertos.o
                0x200000b0                inputTaskHandle
 .bss.authTaskHandle
                0x200000b4        0x4 ./Core/Src/app_freertos.o
                0x200000b4                authTaskHandle
 .bss.inputQueueHandle
                0x200000b8        0x4 ./Core/Src/app_freertos.o
                0x200000b8                inputQueueHandle
 .bss.autoLockTimerHandle
                0x200000bc        0x4 ./Core/Src/app_freertos.o
                0x200000bc                autoLockTimerHandle
 .bss.lcdMutexHandle
                0x200000c0        0x4 ./Core/Src/app_freertos.o
                0x200000c0                lcdMutexHandle
 .bss.LCD1      0x200000c4        0xc ./Core/Src/app_freertos.o
                0x200000c4                LCD1
 .bss.entered_PIN
                0x200000d0        0xa ./Core/Src/app_freertos.o
                0x200000d0                entered_PIN
 .bss.pin_index
                0x200000da        0x1 ./Core/Src/app_freertos.o
                0x200000da                pin_index
 *fill*         0x200000db        0x1 
 .bss.enrolledIDs
                0x200000dc       0x14 ./Core/Src/app_freertos.o
                0x200000dc                enrolledIDs
 .bss.enrolledIDCount
                0x200000f0        0x1 ./Core/Src/app_freertos.o
                0x200000f0                enrolledIDCount
 *fill*         0x200000f1        0x3 
 .bss.lastID.1  0x200000f4        0x4 ./Core/Src/app_freertos.o
 .bss.lastKey.0
                0x200000f8        0x1 ./Core/Src/app_freertos.o
 *fill*         0x200000f9        0x3 
 .bss.hi2c1     0x200000fc       0x54 ./Core/Src/main.o
                0x200000fc                hi2c1
 .bss.htim2     0x20000150       0x48 ./Core/Src/main.o
                0x20000150                htim2
 .bss.huart1    0x20000198       0x48 ./Core/Src/main.o
                0x20000198                huart1
 .bss.huart2    0x200001e0       0x48 ./Core/Src/main.o
                0x200001e0                huart2
 .bss.defaultTaskHandle
                0x20000228        0x4 ./Core/Src/main.o
                0x20000228                defaultTaskHandle
 .bss.htim4     0x2000022c       0x48 ./Core/Src/stm32f1xx_hal_timebase_tim.o
                0x2000022c                htim4
 .bss.uwTick    0x20000274        0x4 ./Drivers/STM32F1xx_HAL_Driver/Src/stm32f1xx_hal.o
                0x20000274                uwTick
 .bss.KernelState
                0x20000278        0x4 ./Middlewares/Third_Party/FreeRTOS/Source/CMSIS_RTOS_V2/cmsis_os2.o
 .bss.Idle_TCB.3
                0x2000027c       0xa8 ./Middlewares/Third_Party/FreeRTOS/Source/CMSIS_RTOS_V2/cmsis_os2.o
 .bss.Idle_Stack.2
                0x20000324      0x200 ./Middlewares/Third_Party/FreeRTOS/Source/CMSIS_RTOS_V2/cmsis_os2.o
 .bss.Timer_TCB.1
                0x20000524       0xa8 ./Middlewares/Third_Party/FreeRTOS/Source/CMSIS_RTOS_V2/cmsis_os2.o
 .bss.Timer_Stack.0
                0x200005cc      0x400 ./Middlewares/Third_Party/FreeRTOS/Source/CMSIS_RTOS_V2/cmsis_os2.o
 .bss.xQueueRegistry
                0x200009cc       0x40 ./Middlewares/Third_Party/FreeRTOS/Source/queue.o
                0x200009cc                xQueueRegistry
 .bss.pxCurrentTCB
                0x20000a0c        0x4 ./Middlewares/Third_Party/FreeRTOS/Source/tasks.o
                0x20000a0c                pxCurrentTCB
 .bss.pxReadyTasksLists
                0x20000a10      0x460 ./Middlewares/Third_Party/FreeRTOS/Source/tasks.o
 .bss.xDelayedTaskList1
                0x20000e70       0x14 ./Middlewares/Third_Party/FreeRTOS/Source/tasks.o
 .bss.xDelayedTaskList2
                0x20000e84       0x14 ./Middlewares/Third_Party/FreeRTOS/Source/tasks.o
 .bss.pxDelayedTaskList
                0x20000e98        0x4 ./Middlewares/Third_Party/FreeRTOS/Source/tasks.o
 .bss.pxOverflowDelayedTaskList
                0x20000e9c        0x4 ./Middlewares/Third_Party/FreeRTOS/Source/tasks.o
 .bss.xPendingReadyList
                0x20000ea0       0x14 ./Middlewares/Third_Party/FreeRTOS/Source/tasks.o
 .bss.xTasksWaitingTermination
                0x20000eb4       0x14 ./Middlewares/Third_Party/FreeRTOS/Source/tasks.o
 .bss.uxDeletedTasksWaitingCleanUp
                0x20000ec8        0x4 ./Middlewares/Third_Party/FreeRTOS/Source/tasks.o
 .bss.xSuspendedTaskList
                0x20000ecc       0x14 ./Middlewares/Third_Party/FreeRTOS/Source/tasks.o
 .bss.uxCurrentNumberOfTasks
                0x20000ee0        0x4 ./Middlewares/Third_Party/FreeRTOS/Source/tasks.o
 .bss.xTickCount
                0x20000ee4        0x4 ./Middlewares/Third_Party/FreeRTOS/Source/tasks.o
 .bss.uxTopReadyPriority
                0x20000ee8        0x4 ./Middlewares/Third_Party/FreeRTOS/Source/tasks.o
 .bss.xSchedulerRunning
                0x20000eec        0x4 ./Middlewares/Third_Party/FreeRTOS/Source/tasks.o
 .bss.xPendedTicks
                0x20000ef0        0x4 ./Middlewares/Third_Party/FreeRTOS/Source/tasks.o
 .bss.xYieldPending
                0x20000ef4        0x4 ./Middlewares/Third_Party/FreeRTOS/Source/tasks.o
 .bss.xNumOfOverflows
                0x20000ef8        0x4 ./Middlewares/Third_Party/FreeRTOS/Source/tasks.o
 .bss.uxTaskNumber
                0x20000efc        0x4 ./Middlewares/Third_Party/FreeRTOS/Source/tasks.o
 .bss.xNextTaskUnblockTime
                0x20000f00        0x4 ./Middlewares/Third_Party/FreeRTOS/Source/tasks.o
 .bss.xIdleTaskHandle
                0x20000f04        0x4 ./Middlewares/Third_Party/FreeRTOS/Source/tasks.o
 .bss.uxSchedulerSuspended
                0x20000f08        0x4 ./Middlewares/Third_Party/FreeRTOS/Source/tasks.o
 .bss.xActiveTimerList1
                0x20000f0c       0x14 ./Middlewares/Third_Party/FreeRTOS/Source/timers.o
 .bss.xActiveTimerList2
                0x20000f20       0x14 ./Middlewares/Third_Party/FreeRTOS/Source/timers.o
 .bss.pxCurrentTimerList
                0x20000f34        0x4 ./Middlewares/Third_Party/FreeRTOS/Source/timers.o
 .bss.pxOverflowTimerList
                0x20000f38        0x4 ./Middlewares/Third_Party/FreeRTOS/Source/timers.o
 .bss.xTimerQueue
                0x20000f3c        0x4 ./Middlewares/Third_Party/FreeRTOS/Source/timers.o
 .bss.xTimerTaskHandle
                0x20000f40        0x4 ./Middlewares/Third_Party/FreeRTOS/Source/timers.o
 .bss.xLastTime.2
                0x20000f44        0x4 ./Middlewares/Third_Party/FreeRTOS/Source/timers.o
 .bss.ucStaticTimerQueueStorage.1
                0x20000f48       0xa0 ./Middlewares/Third_Party/FreeRTOS/Source/timers.o
 .bss.xStaticTimerQueue.0
                0x20000fe8       0x50 ./Middlewares/Third_Party/FreeRTOS/Source/timers.o
 .bss.ucMaxSysCallPriority
                0x20001038        0x1 ./Middlewares/Third_Party/FreeRTOS/Source/portable/GCC/ARM_CM3/port.o
 *fill*         0x20001039        0x3 
 .bss.ulMaxPRIGROUPValue
                0x2000103c        0x4 ./Middlewares/Third_Party/FreeRTOS/Source/portable/GCC/ARM_CM3/port.o
 .bss.ucHeap    0x20001040      0xc00 ./Middlewares/Third_Party/FreeRTOS/Source/portable/MemMang/heap_4.o
 .bss.xStart    0x20001c40        0x8 ./Middlewares/Third_Party/FreeRTOS/Source/portable/MemMang/heap_4.o
 .bss.pxEnd     0x20001c48        0x4 ./Middlewares/Third_Party/FreeRTOS/Source/portable/MemMang/heap_4.o
 .bss.xFreeBytesRemaining
                0x20001c4c        0x4 ./Middlewares/Third_Party/FreeRTOS/Source/portable/MemMang/heap_4.o
 .bss.xMinimumEverFreeBytesRemaining
                0x20001c50        0x4 ./Middlewares/Third_Party/FreeRTOS/Source/portable/MemMang/heap_4.o
 .bss.xNumberOfSuccessfulAllocations
                0x20001c54        0x4 ./Middlewares/Third_Party/FreeRTOS/Source/portable/MemMang/heap_4.o
 .bss.xNumberOfSuccessfulFrees
                0x20001c58        0x4 ./Middlewares/Third_Party/FreeRTOS/Source/portable/MemMang/heap_4.o
 .bss.xBlockAllocatedBit
                0x20001c5c        0x4 ./Middlewares/Third_Party/FreeRTOS/Source/portable/MemMang/heap_4.o
 .bss.__sf      0x20001c60      0x138 C:/ST/STM32CubeIDE_1.17.0/STM32CubeIDE/plugins/com.st.stm32cube.ide.mcu.externaltools.gnu-tools-for-stm32.13.3.rel1.win32_1.0.0.202411081344/tools/bin/../lib/gcc/arm-none-eabi/13.3.1/../../../../arm-none-eabi/lib/thumb/v7-m/nofp\libc_nano.a(libc_a-findfp.o)
                0x20001c60                __sf
 .bss.__lock___malloc_recursive_mutex
                0x20001d98        0x1 C:/ST/STM32CubeIDE_1.17.0/STM32CubeIDE/plugins/com.st.stm32cube.ide.mcu.externaltools.gnu-tools-for-stm32.13.3.rel1.win32_1.0.0.202411081344/tools/bin/../lib/gcc/arm-none-eabi/13.3.1/../../../../arm-none-eabi/lib/thumb/v7-m/nofp\libc_nano.a(libc_a-lock.o)
                0x20001d98                __lock___malloc_recursive_mutex
 *fill*         0x20001d99        0x3 
 .bss.__malloc_free_list
                0x20001d9c        0x4 C:/ST/STM32CubeIDE_1.17.0/STM32CubeIDE/plugins/com.st.stm32cube.ide.mcu.externaltools.gnu-tools-for-stm32.13.3.rel1.win32_1.0.0.202411081344/tools/bin/../lib/gcc/arm-none-eabi/13.3.1/../../../../arm-none-eabi/lib/thumb/v7-m/nofp\libc_nano.a(libc_a-mallocr.o)
                0x20001d9c                __malloc_free_list
 *(COMMON)
                0x20001da0                        . = ALIGN (0x4)
                0x20001da0                        _ebss = .
                0x20001da0                        __bss_end__ = _ebss

._user_heap_stack
                0x20001da0      0x600 load address 0x08009104
                0x20001da0                        . = ALIGN (0x8)
                [!provide]                        PROVIDE (end = .)
                0x20001da0                        PROVIDE (_end = .)
                0x20001fa0                        . = (. + _Min_Heap_Size)
 *fill*         0x20001da0      0x200 
                0x200023a0                        . = (. + _Min_Stack_Size)
 *fill*         0x20001fa0      0x400 
                0x200023a0                        . = ALIGN (0x8)

/DISCARD/
 libc.a(*)
 libm.a(*)
 libgcc.a(*)

.ARM.attributes
                0x00000000       0x29
 *(.ARM.attributes)
 .ARM.attributes
                0x00000000       0x1d C:/ST/STM32CubeIDE_1.17.0/STM32CubeIDE/plugins/com.st.stm32cube.ide.mcu.externaltools.gnu-tools-for-stm32.13.3.rel1.win32_1.0.0.202411081344/tools/bin/../lib/gcc/arm-none-eabi/13.3.1/thumb/v7-m/nofp/crti.o
 .ARM.attributes
                0x0000001d       0x2d C:/ST/STM32CubeIDE_1.17.0/STM32CubeIDE/plugins/com.st.stm32cube.ide.mcu.externaltools.gnu-tools-for-stm32.13.3.rel1.win32_1.0.0.202411081344/tools/bin/../lib/gcc/arm-none-eabi/13.3.1/thumb/v7-m/nofp/crtbegin.o
 .ARM.attributes
                0x0000004a       0x2d ./Core/Src/CLCD_I2C.o
 .ARM.attributes
                0x00000077       0x2d ./Core/Src/app_freertos.o
 .ARM.attributes
                0x000000a4       0x2d ./Core/Src/as608.o
 .ARM.attributes
                0x000000d1       0x2d ./Core/Src/keypad.o
 .ARM.attributes
                0x000000fe       0x2d ./Core/Src/main.o
 .ARM.attributes
                0x0000012b       0x2d ./Core/Src/servo.o
 .ARM.attributes
                0x00000158       0x2d ./Core/Src/stm32f1xx_hal_msp.o
 .ARM.attributes
                0x00000185       0x2d ./Core/Src/stm32f1xx_hal_timebase_tim.o
 .ARM.attributes
                0x000001b2       0x2d ./Core/Src/stm32f1xx_it.o
 .ARM.attributes
                0x000001df       0x2d ./Core/Src/system_stm32f1xx.o
 .ARM.attributes
                0x0000020c       0x21 ./Core/Startup/startup_stm32f103c8tx.o
 .ARM.attributes
                0x0000022d       0x2d ./Drivers/STM32F1xx_HAL_Driver/Src/stm32f1xx_hal.o
 .ARM.attributes
                0x0000025a       0x2d ./Drivers/STM32F1xx_HAL_Driver/Src/stm32f1xx_hal_cortex.o
 .ARM.attributes
                0x00000287       0x2d ./Drivers/STM32F1xx_HAL_Driver/Src/stm32f1xx_hal_dma.o
 .ARM.attributes
                0x000002b4       0x2d ./Drivers/STM32F1xx_HAL_Driver/Src/stm32f1xx_hal_gpio.o
 .ARM.attributes
                0x000002e1       0x2d ./Drivers/STM32F1xx_HAL_Driver/Src/stm32f1xx_hal_i2c.o
 .ARM.attributes
                0x0000030e       0x2d ./Drivers/STM32F1xx_HAL_Driver/Src/stm32f1xx_hal_rcc.o
 .ARM.attributes
                0x0000033b       0x2d ./Drivers/STM32F1xx_HAL_Driver/Src/stm32f1xx_hal_tim.o
 .ARM.attributes
                0x00000368       0x2d ./Drivers/STM32F1xx_HAL_Driver/Src/stm32f1xx_hal_tim_ex.o
 .ARM.attributes
                0x00000395       0x2d ./Drivers/STM32F1xx_HAL_Driver/Src/stm32f1xx_hal_uart.o
 .ARM.attributes
                0x000003c2       0x2d ./Middlewares/Third_Party/FreeRTOS/Source/CMSIS_RTOS_V2/cmsis_os2.o
 .ARM.attributes
                0x000003ef       0x2d ./Middlewares/Third_Party/FreeRTOS/Source/list.o
 .ARM.attributes
                0x0000041c       0x2d ./Middlewares/Third_Party/FreeRTOS/Source/queue.o
 .ARM.attributes
                0x00000449       0x2d ./Middlewares/Third_Party/FreeRTOS/Source/tasks.o
 .ARM.attributes
                0x00000476       0x2d ./Middlewares/Third_Party/FreeRTOS/Source/timers.o
 .ARM.attributes
                0x000004a3       0x2d ./Middlewares/Third_Party/FreeRTOS/Source/portable/GCC/ARM_CM3/port.o
 .ARM.attributes
                0x000004d0       0x2d ./Middlewares/Third_Party/FreeRTOS/Source/portable/MemMang/heap_4.o
 .ARM.attributes
                0x000004fd       0x2d C:/ST/STM32CubeIDE_1.17.0/STM32CubeIDE/plugins/com.st.stm32cube.ide.mcu.externaltools.gnu-tools-for-stm32.13.3.rel1.win32_1.0.0.202411081344/tools/bin/../lib/gcc/arm-none-eabi/13.3.1/../../../../arm-none-eabi/lib/thumb/v7-m/nofp\libc_nano.a(libc_a-findfp.o)
 .ARM.attributes
                0x0000052a       0x2d C:/ST/STM32CubeIDE_1.17.0/STM32CubeIDE/plugins/com.st.stm32cube.ide.mcu.externaltools.gnu-tools-for-stm32.13.3.rel1.win32_1.0.0.202411081344/tools/bin/../lib/gcc/arm-none-eabi/13.3.1/../../../../arm-none-eabi/lib/thumb/v7-m/nofp\libc_nano.a(libc_a-memset.o)
 .ARM.attributes
                0x00000557       0x2d C:/ST/STM32CubeIDE_1.17.0/STM32CubeIDE/plugins/com.st.stm32cube.ide.mcu.externaltools.gnu-tools-for-stm32.13.3.rel1.win32_1.0.0.202411081344/tools/bin/../lib/gcc/arm-none-eabi/13.3.1/../../../../arm-none-eabi/lib/thumb/v7-m/nofp\libc_nano.a(libc_a-reent.o)
 .ARM.attributes
                0x00000584       0x2d C:/ST/STM32CubeIDE_1.17.0/STM32CubeIDE/plugins/com.st.stm32cube.ide.mcu.externaltools.gnu-tools-for-stm32.13.3.rel1.win32_1.0.0.202411081344/tools/bin/../lib/gcc/arm-none-eabi/13.3.1/../../../../arm-none-eabi/lib/thumb/v7-m/nofp\libc_nano.a(libc_a-impure.o)
 .ARM.attributes
                0x000005b1       0x2d C:/ST/STM32CubeIDE_1.17.0/STM32CubeIDE/plugins/com.st.stm32cube.ide.mcu.externaltools.gnu-tools-for-stm32.13.3.rel1.win32_1.0.0.202411081344/tools/bin/../lib/gcc/arm-none-eabi/13.3.1/../../../../arm-none-eabi/lib/thumb/v7-m/nofp\libc_nano.a(libc_a-init.o)
 .ARM.attributes
                0x000005de       0x2d C:/ST/STM32CubeIDE_1.17.0/STM32CubeIDE/plugins/com.st.stm32cube.ide.mcu.externaltools.gnu-tools-for-stm32.13.3.rel1.win32_1.0.0.202411081344/tools/bin/../lib/gcc/arm-none-eabi/13.3.1/../../../../arm-none-eabi/lib/thumb/v7-m/nofp\libc_nano.a(libc_a-lock.o)
 .ARM.attributes
                0x0000060b       0x1b C:/ST/STM32CubeIDE_1.17.0/STM32CubeIDE/plugins/com.st.stm32cube.ide.mcu.externaltools.gnu-tools-for-stm32.13.3.rel1.win32_1.0.0.202411081344/tools/bin/../lib/gcc/arm-none-eabi/13.3.1/../../../../arm-none-eabi/lib/thumb/v7-m/nofp\libc_nano.a(libc_a-strcmp.o)
 .ARM.attributes
                0x00000626       0x2d C:/ST/STM32CubeIDE_1.17.0/STM32CubeIDE/plugins/com.st.stm32cube.ide.mcu.externaltools.gnu-tools-for-stm32.13.3.rel1.win32_1.0.0.202411081344/tools/bin/../lib/gcc/arm-none-eabi/13.3.1/../../../../arm-none-eabi/lib/thumb/v7-m/nofp\libc_nano.a(libc_a-memcpy-stub.o)
 .ARM.attributes
                0x00000653       0x17 C:/ST/STM32CubeIDE_1.17.0/STM32CubeIDE/plugins/com.st.stm32cube.ide.mcu.externaltools.gnu-tools-for-stm32.13.3.rel1.win32_1.0.0.202411081344/tools/bin/../lib/gcc/arm-none-eabi/13.3.1/../../../../arm-none-eabi/lib/thumb/v7-m/nofp\libc_nano.a(libc_a-strlen.o)
 .ARM.attributes
                0x0000066a       0x2d C:/ST/STM32CubeIDE_1.17.0/STM32CubeIDE/plugins/com.st.stm32cube.ide.mcu.externaltools.gnu-tools-for-stm32.13.3.rel1.win32_1.0.0.202411081344/tools/bin/../lib/gcc/arm-none-eabi/13.3.1/../../../../arm-none-eabi/lib/thumb/v7-m/nofp\libc_nano.a(libc_a-freer.o)
 .ARM.attributes
                0x00000697       0x2d C:/ST/STM32CubeIDE_1.17.0/STM32CubeIDE/plugins/com.st.stm32cube.ide.mcu.externaltools.gnu-tools-for-stm32.13.3.rel1.win32_1.0.0.202411081344/tools/bin/../lib/gcc/arm-none-eabi/13.3.1/../../../../arm-none-eabi/lib/thumb/v7-m/nofp\libc_nano.a(libc_a-mallocr.o)
 .ARM.attributes
                0x000006c4       0x2d C:/ST/STM32CubeIDE_1.17.0/STM32CubeIDE/plugins/com.st.stm32cube.ide.mcu.externaltools.gnu-tools-for-stm32.13.3.rel1.win32_1.0.0.202411081344/tools/bin/../lib/gcc/arm-none-eabi/13.3.1/../../../../arm-none-eabi/lib/thumb/v7-m/nofp\libc_nano.a(libc_a-mlock.o)
 .ARM.attributes
                0x000006f1       0x1d C:/ST/STM32CubeIDE_1.17.0/STM32CubeIDE/plugins/com.st.stm32cube.ide.mcu.externaltools.gnu-tools-for-stm32.13.3.rel1.win32_1.0.0.202411081344/tools/bin/../lib/gcc/arm-none-eabi/13.3.1/thumb/v7-m/nofp/crtn.o
OUTPUT(HTN_Final.elf elf32-littlearm)
LOAD linker stubs
LOAD C:/ST/STM32CubeIDE_1.17.0/STM32CubeIDE/plugins/com.st.stm32cube.ide.mcu.externaltools.gnu-tools-for-stm32.13.3.rel1.win32_1.0.0.202411081344/tools/bin/../lib/gcc/arm-none-eabi/13.3.1/../../../../arm-none-eabi/lib/thumb/v7-m/nofp\libc.a
LOAD C:/ST/STM32CubeIDE_1.17.0/STM32CubeIDE/plugins/com.st.stm32cube.ide.mcu.externaltools.gnu-tools-for-stm32.13.3.rel1.win32_1.0.0.202411081344/tools/bin/../lib/gcc/arm-none-eabi/13.3.1/../../../../arm-none-eabi/lib/thumb/v7-m/nofp\libm.a
LOAD C:/ST/STM32CubeIDE_1.17.0/STM32CubeIDE/plugins/com.st.stm32cube.ide.mcu.externaltools.gnu-tools-for-stm32.13.3.rel1.win32_1.0.0.202411081344/tools/bin/../lib/gcc/arm-none-eabi/13.3.1/thumb/v7-m/nofp\libgcc.a

.debug_info     0x00000000    0x1d241
 .debug_info    0x00000000      0x9b2 ./Core/Src/CLCD_I2C.o
 .debug_info    0x000009b2     0x1478 ./Core/Src/app_freertos.o
 .debug_info    0x00001e2a      0xc66 ./Core/Src/as608.o
 .debug_info    0x00002a90      0x2b2 ./Core/Src/keypad.o
 .debug_info    0x00002d42     0x150d ./Core/Src/main.o
 .debug_info    0x0000424f      0x663 ./Core/Src/servo.o
 .debug_info    0x000048b2     0x10d2 ./Core/Src/stm32f1xx_hal_msp.o
 .debug_info    0x00005984      0x9a8 ./Core/Src/stm32f1xx_hal_timebase_tim.o
 .debug_info    0x0000632c      0x913 ./Core/Src/stm32f1xx_it.o
 .debug_info    0x00006c3f      0x222 ./Core/Src/system_stm32f1xx.o
 .debug_info    0x00006e61       0x30 ./Core/Startup/startup_stm32f103c8tx.o
 .debug_info    0x00006e91      0x704 ./Drivers/STM32F1xx_HAL_Driver/Src/stm32f1xx_hal.o
 .debug_info    0x00007595      0xa87 ./Drivers/STM32F1xx_HAL_Driver/Src/stm32f1xx_hal_cortex.o
 .debug_info    0x0000801c      0x6d2 ./Drivers/STM32F1xx_HAL_Driver/Src/stm32f1xx_hal_dma.o
 .debug_info    0x000086ee      0x5ab ./Drivers/STM32F1xx_HAL_Driver/Src/stm32f1xx_hal_gpio.o
 .debug_info    0x00008c99     0x2524 ./Drivers/STM32F1xx_HAL_Driver/Src/stm32f1xx_hal_i2c.o
 .debug_info    0x0000b1bd      0x7d5 ./Drivers/STM32F1xx_HAL_Driver/Src/stm32f1xx_hal_rcc.o
 .debug_info    0x0000b992     0x2959 ./Drivers/STM32F1xx_HAL_Driver/Src/stm32f1xx_hal_tim.o
 .debug_info    0x0000e2eb     0x149b ./Drivers/STM32F1xx_HAL_Driver/Src/stm32f1xx_hal_tim_ex.o
 .debug_info    0x0000f786     0x2eed ./Drivers/STM32F1xx_HAL_Driver/Src/stm32f1xx_hal_uart.o
 .debug_info    0x00012673     0x402c ./Middlewares/Third_Party/FreeRTOS/Source/CMSIS_RTOS_V2/cmsis_os2.o
 .debug_info    0x0001669f      0x2af ./Middlewares/Third_Party/FreeRTOS/Source/list.o
 .debug_info    0x0001694e     0x1b79 ./Middlewares/Third_Party/FreeRTOS/Source/queue.o
 .debug_info    0x000184c7     0x28c1 ./Middlewares/Third_Party/FreeRTOS/Source/tasks.o
 .debug_info    0x0001ad88     0x1b50 ./Middlewares/Third_Party/FreeRTOS/Source/timers.o
 .debug_info    0x0001c8d8      0x494 ./Middlewares/Third_Party/FreeRTOS/Source/portable/GCC/ARM_CM3/port.o
 .debug_info    0x0001cd6c      0x4d5 ./Middlewares/Third_Party/FreeRTOS/Source/portable/MemMang/heap_4.o

.debug_abbrev   0x00000000     0x4031
 .debug_abbrev  0x00000000      0x1f7 ./Core/Src/CLCD_I2C.o
 .debug_abbrev  0x000001f7      0x2fd ./Core/Src/app_freertos.o
 .debug_abbrev  0x000004f4      0x236 ./Core/Src/as608.o
 .debug_abbrev  0x0000072a      0x173 ./Core/Src/keypad.o
 .debug_abbrev  0x0000089d      0x31c ./Core/Src/main.o
 .debug_abbrev  0x00000bb9      0x17e ./Core/Src/servo.o
 .debug_abbrev  0x00000d37      0x239 ./Core/Src/stm32f1xx_hal_msp.o
 .debug_abbrev  0x00000f70      0x1f3 ./Core/Src/stm32f1xx_hal_timebase_tim.o
 .debug_abbrev  0x00001163      0x188 ./Core/Src/stm32f1xx_it.o
 .debug_abbrev  0x000012eb      0x13f ./Core/Src/system_stm32f1xx.o
 .debug_abbrev  0x0000142a       0x24 ./Core/Startup/startup_stm32f103c8tx.o
 .debug_abbrev  0x0000144e      0x201 ./Drivers/STM32F1xx_HAL_Driver/Src/stm32f1xx_hal.o
 .debug_abbrev  0x0000164f      0x2f8 ./Drivers/STM32F1xx_HAL_Driver/Src/stm32f1xx_hal_cortex.o
 .debug_abbrev  0x00001947      0x20b ./Drivers/STM32F1xx_HAL_Driver/Src/stm32f1xx_hal_dma.o
 .debug_abbrev  0x00001b52      0x1ca ./Drivers/STM32F1xx_HAL_Driver/Src/stm32f1xx_hal_gpio.o
 .debug_abbrev  0x00001d1c      0x2a3 ./Drivers/STM32F1xx_HAL_Driver/Src/stm32f1xx_hal_i2c.o
 .debug_abbrev  0x00001fbf      0x2b3 ./Drivers/STM32F1xx_HAL_Driver/Src/stm32f1xx_hal_rcc.o
 .debug_abbrev  0x00002272      0x277 ./Drivers/STM32F1xx_HAL_Driver/Src/stm32f1xx_hal_tim.o
 .debug_abbrev  0x000024e9      0x282 ./Drivers/STM32F1xx_HAL_Driver/Src/stm32f1xx_hal_tim_ex.o
 .debug_abbrev  0x0000276b      0x2f8 ./Drivers/STM32F1xx_HAL_Driver/Src/stm32f1xx_hal_uart.o
 .debug_abbrev  0x00002a63      0x548 ./Middlewares/Third_Party/FreeRTOS/Source/CMSIS_RTOS_V2/cmsis_os2.o
 .debug_abbrev  0x00002fab       0xf5 ./Middlewares/Third_Party/FreeRTOS/Source/list.o
 .debug_abbrev  0x000030a0      0x3b6 ./Middlewares/Third_Party/FreeRTOS/Source/queue.o
 .debug_abbrev  0x00003456      0x3fe ./Middlewares/Third_Party/FreeRTOS/Source/tasks.o
 .debug_abbrev  0x00003854      0x368 ./Middlewares/Third_Party/FreeRTOS/Source/timers.o
 .debug_abbrev  0x00003bbc      0x258 ./Middlewares/Third_Party/FreeRTOS/Source/portable/GCC/ARM_CM3/port.o
 .debug_abbrev  0x00003e14      0x21d ./Middlewares/Third_Party/FreeRTOS/Source/portable/MemMang/heap_4.o

.debug_aranges  0x00000000     0x1860
 .debug_aranges
                0x00000000       0x78 ./Core/Src/CLCD_I2C.o
 .debug_aranges
                0x00000078       0x60 ./Core/Src/app_freertos.o
 .debug_aranges
                0x000000d8       0x60 ./Core/Src/as608.o
 .debug_aranges
                0x00000138       0x20 ./Core/Src/keypad.o
 .debug_aranges
                0x00000158       0x68 ./Core/Src/main.o
 .debug_aranges
                0x000001c0       0x30 ./Core/Src/servo.o
 .debug_aranges
                0x000001f0       0x58 ./Core/Src/stm32f1xx_hal_msp.o
 .debug_aranges
                0x00000248       0x30 ./Core/Src/stm32f1xx_hal_timebase_tim.o
 .debug_aranges
                0x00000278       0x58 ./Core/Src/stm32f1xx_it.o
 .debug_aranges
                0x000002d0       0x28 ./Core/Src/system_stm32f1xx.o
 .debug_aranges
                0x000002f8       0x28 ./Core/Startup/startup_stm32f103c8tx.o
 .debug_aranges
                0x00000320       0xe0 ./Drivers/STM32F1xx_HAL_Driver/Src/stm32f1xx_hal.o
 .debug_aranges
                0x00000400      0x100 ./Drivers/STM32F1xx_HAL_Driver/Src/stm32f1xx_hal_cortex.o
 .debug_aranges
                0x00000500       0x80 ./Drivers/STM32F1xx_HAL_Driver/Src/stm32f1xx_hal_dma.o
 .debug_aranges
                0x00000580       0x58 ./Drivers/STM32F1xx_HAL_Driver/Src/stm32f1xx_hal_gpio.o
 .debug_aranges
                0x000005d8      0x2a8 ./Drivers/STM32F1xx_HAL_Driver/Src/stm32f1xx_hal_i2c.o
 .debug_aranges
                0x00000880       0x90 ./Drivers/STM32F1xx_HAL_Driver/Src/stm32f1xx_hal_rcc.o
 .debug_aranges
                0x00000910      0x3d0 ./Drivers/STM32F1xx_HAL_Driver/Src/stm32f1xx_hal_tim.o
 .debug_aranges
                0x00000ce0      0x168 ./Drivers/STM32F1xx_HAL_Driver/Src/stm32f1xx_hal_tim_ex.o
 .debug_aranges
                0x00000e48      0x208 ./Drivers/STM32F1xx_HAL_Driver/Src/stm32f1xx_hal_uart.o
 .debug_aranges
                0x00001050      0x2b0 ./Middlewares/Third_Party/FreeRTOS/Source/CMSIS_RTOS_V2/cmsis_os2.o
 .debug_aranges
                0x00001300       0x40 ./Middlewares/Third_Party/FreeRTOS/Source/list.o
 .debug_aranges
                0x00001340      0x158 ./Middlewares/Third_Party/FreeRTOS/Source/queue.o
 .debug_aranges
                0x00001498      0x208 ./Middlewares/Third_Party/FreeRTOS/Source/tasks.o
 .debug_aranges
                0x000016a0       0xf0 ./Middlewares/Third_Party/FreeRTOS/Source/timers.o
 .debug_aranges
                0x00001790       0x78 ./Middlewares/Third_Party/FreeRTOS/Source/portable/GCC/ARM_CM3/port.o
 .debug_aranges
                0x00001808       0x58 ./Middlewares/Third_Party/FreeRTOS/Source/portable/MemMang/heap_4.o

.debug_rnglists
                0x00000000     0x1346
 .debug_rnglists
                0x00000000       0x58 ./Core/Src/CLCD_I2C.o
 .debug_rnglists
                0x00000058       0x80 ./Core/Src/app_freertos.o
 .debug_rnglists
                0x000000d8       0x46 ./Core/Src/as608.o
 .debug_rnglists
                0x0000011e       0x14 ./Core/Src/keypad.o
 .debug_rnglists
                0x00000132       0x4c ./Core/Src/main.o
 .debug_rnglists
                0x0000017e       0x1f ./Core/Src/servo.o
 .debug_rnglists
                0x0000019d       0x3e ./Core/Src/stm32f1xx_hal_msp.o
 .debug_rnglists
                0x000001db       0x20 ./Core/Src/stm32f1xx_hal_timebase_tim.o
 .debug_rnglists
                0x000001fb       0x3d ./Core/Src/stm32f1xx_it.o
 .debug_rnglists
                0x00000238       0x1a ./Core/Src/system_stm32f1xx.o
 .debug_rnglists
                0x00000252       0x19 ./Core/Startup/startup_stm32f103c8tx.o
 .debug_rnglists
                0x0000026b       0xa3 ./Drivers/STM32F1xx_HAL_Driver/Src/stm32f1xx_hal.o
 .debug_rnglists
                0x0000030e       0xbb ./Drivers/STM32F1xx_HAL_Driver/Src/stm32f1xx_hal_cortex.o
 .debug_rnglists
                0x000003c9       0x64 ./Drivers/STM32F1xx_HAL_Driver/Src/stm32f1xx_hal_dma.o
 .debug_rnglists
                0x0000042d       0x3f ./Drivers/STM32F1xx_HAL_Driver/Src/stm32f1xx_hal_gpio.o
 .debug_rnglists
                0x0000046c      0x23c ./Drivers/STM32F1xx_HAL_Driver/Src/stm32f1xx_hal_i2c.o
 .debug_rnglists
                0x000006a8       0x6c ./Drivers/STM32F1xx_HAL_Driver/Src/stm32f1xx_hal_rcc.o
 .debug_rnglists
                0x00000714      0x31a ./Drivers/STM32F1xx_HAL_Driver/Src/stm32f1xx_hal_tim.o
 .debug_rnglists
                0x00000a2e      0x125 ./Drivers/STM32F1xx_HAL_Driver/Src/stm32f1xx_hal_tim_ex.o
 .debug_rnglists
                0x00000b53      0x1bc ./Drivers/STM32F1xx_HAL_Driver/Src/stm32f1xx_hal_uart.o
 .debug_rnglists
                0x00000d0f      0x212 ./Middlewares/Third_Party/FreeRTOS/Source/CMSIS_RTOS_V2/cmsis_os2.o
 .debug_rnglists
                0x00000f21       0x2b ./Middlewares/Third_Party/FreeRTOS/Source/list.o
 .debug_rnglists
                0x00000f4c      0x109 ./Middlewares/Third_Party/FreeRTOS/Source/queue.o
 .debug_rnglists
                0x00001055      0x1a0 ./Middlewares/Third_Party/FreeRTOS/Source/tasks.o
 .debug_rnglists
                0x000011f5       0xb8 ./Middlewares/Third_Party/FreeRTOS/Source/timers.o
 .debug_rnglists
                0x000012ad       0x57 ./Middlewares/Third_Party/FreeRTOS/Source/portable/GCC/ARM_CM3/port.o
 .debug_rnglists
                0x00001304       0x42 ./Middlewares/Third_Party/FreeRTOS/Source/portable/MemMang/heap_4.o

.debug_macro    0x00000000    0x1ab46
 .debug_macro   0x00000000      0x2fc ./Core/Src/CLCD_I2C.o
 .debug_macro   0x000002fc      0xacc ./Core/Src/CLCD_I2C.o
 .debug_macro   0x00000dc8      0x221 ./Core/Src/CLCD_I2C.o
 .debug_macro   0x00000fe9       0x2e ./Core/Src/CLCD_I2C.o
 .debug_macro   0x00001017       0x22 ./Core/Src/CLCD_I2C.o
 .debug_macro   0x00001039       0x22 ./Core/Src/CLCD_I2C.o
 .debug_macro   0x0000105b       0x8e ./Core/Src/CLCD_I2C.o
 .debug_macro   0x000010e9       0x51 ./Core/Src/CLCD_I2C.o
 .debug_macro   0x0000113a      0x103 ./Core/Src/CLCD_I2C.o
 .debug_macro   0x0000123d       0x6a ./Core/Src/CLCD_I2C.o
 .debug_macro   0x000012a7      0x1df ./Core/Src/CLCD_I2C.o
 .debug_macro   0x00001486       0x1c ./Core/Src/CLCD_I2C.o
 .debug_macro   0x000014a2       0x22 ./Core/Src/CLCD_I2C.o
 .debug_macro   0x000014c4       0xbd ./Core/Src/CLCD_I2C.o
 .debug_macro   0x00001581      0xd23 ./Core/Src/CLCD_I2C.o
 .debug_macro   0x000022a4     0xe09e ./Core/Src/CLCD_I2C.o
 .debug_macro   0x00010342       0x6d ./Core/Src/CLCD_I2C.o
 .debug_macro   0x000103af     0x34a2 ./Core/Src/CLCD_I2C.o
 .debug_macro   0x00013851      0x190 ./Core/Src/CLCD_I2C.o
 .debug_macro   0x000139e1       0x5c ./Core/Src/CLCD_I2C.o
 .debug_macro   0x00013a3d      0x5bc ./Core/Src/CLCD_I2C.o
 .debug_macro   0x00013ff9      0x289 ./Core/Src/CLCD_I2C.o
 .debug_macro   0x00014282      0x1cb ./Core/Src/CLCD_I2C.o
 .debug_macro   0x0001444d      0x114 ./Core/Src/CLCD_I2C.o
 .debug_macro   0x00014561      0x1b2 ./Core/Src/CLCD_I2C.o
 .debug_macro   0x00014713       0x27 ./Core/Src/CLCD_I2C.o
 .debug_macro   0x0001473a      0x136 ./Core/Src/CLCD_I2C.o
 .debug_macro   0x00014870      0x1bc ./Core/Src/CLCD_I2C.o
 .debug_macro   0x00014a2c       0x34 ./Core/Src/CLCD_I2C.o
 .debug_macro   0x00014a60       0x3c ./Core/Src/CLCD_I2C.o
 .debug_macro   0x00014a9c       0x57 ./Core/Src/CLCD_I2C.o
 .debug_macro   0x00014af3       0x87 ./Core/Src/CLCD_I2C.o
 .debug_macro   0x00014b7a      0x240 ./Core/Src/CLCD_I2C.o
 .debug_macro   0x00014dba      0x287 ./Core/Src/CLCD_I2C.o
 .debug_macro   0x00015041      0x140 ./Core/Src/CLCD_I2C.o
 .debug_macro   0x00015181      0x8ed ./Core/Src/CLCD_I2C.o
 .debug_macro   0x00015a6e      0x28e ./Core/Src/CLCD_I2C.o
 .debug_macro   0x00015cfc       0x83 ./Core/Src/CLCD_I2C.o
 .debug_macro   0x00015d7f       0xe2 ./Core/Src/CLCD_I2C.o
 .debug_macro   0x00015e61      0x137 ./Core/Src/CLCD_I2C.o
 .debug_macro   0x00015f98      0x15a ./Core/Src/CLCD_I2C.o
 .debug_macro   0x000160f2       0xc9 ./Core/Src/CLCD_I2C.o
 .debug_macro   0x000161bb       0x1c ./Core/Src/CLCD_I2C.o
 .debug_macro   0x000161d7       0x26 ./Core/Src/CLCD_I2C.o
 .debug_macro   0x000161fd       0x61 ./Core/Src/CLCD_I2C.o
 .debug_macro   0x0001625e       0x24 ./Core/Src/CLCD_I2C.o
 .debug_macro   0x00016282       0x43 ./Core/Src/CLCD_I2C.o
 .debug_macro   0x000162c5       0x34 ./Core/Src/CLCD_I2C.o
 .debug_macro   0x000162f9      0x370 ./Core/Src/CLCD_I2C.o
 .debug_macro   0x00016669       0x16 ./Core/Src/CLCD_I2C.o
 .debug_macro   0x0001667f       0x4a ./Core/Src/CLCD_I2C.o
 .debug_macro   0x000166c9       0x34 ./Core/Src/CLCD_I2C.o
 .debug_macro   0x000166fd       0x10 ./Core/Src/CLCD_I2C.o
 .debug_macro   0x0001670d       0x58 ./Core/Src/CLCD_I2C.o
 .debug_macro   0x00016765       0x8e ./Core/Src/CLCD_I2C.o
 .debug_macro   0x000167f3       0x1c ./Core/Src/CLCD_I2C.o
 .debug_macro   0x0001680f      0x185 ./Core/Src/CLCD_I2C.o
 .debug_macro   0x00016994       0x10 ./Core/Src/CLCD_I2C.o
 .debug_macro   0x000169a4       0x3c ./Core/Src/CLCD_I2C.o
 .debug_macro   0x000169e0      0x4d4 ./Core/Src/CLCD_I2C.o
 .debug_macro   0x00016eb4       0xb5 ./Core/Src/CLCD_I2C.o
 .debug_macro   0x00016f69       0xaa ./Core/Src/CLCD_I2C.o
 .debug_macro   0x00017013       0x66 ./Core/Src/CLCD_I2C.o
 .debug_macro   0x00017079       0x74 ./Core/Src/CLCD_I2C.o
 .debug_macro   0x000170ed       0xdd ./Core/Src/CLCD_I2C.o
 .debug_macro   0x000171ca      0x388 ./Core/Src/app_freertos.o
 .debug_macro   0x00017552       0x22 ./Core/Src/app_freertos.o
 .debug_macro   0x00017574       0x28 ./Core/Src/app_freertos.o
 .debug_macro   0x0001759c       0xe8 ./Core/Src/app_freertos.o
 .debug_macro   0x00017684       0x16 ./Core/Src/app_freertos.o
 .debug_macro   0x0001769a       0x20 ./Core/Src/app_freertos.o
 .debug_macro   0x000176ba      0x305 ./Core/Src/as608.o
 .debug_macro   0x000179bf       0x22 ./Core/Src/as608.o
 .debug_macro   0x000179e1      0x1b7 ./Core/Src/keypad.o
 .debug_macro   0x00017b98      0x325 ./Core/Src/main.o
 .debug_macro   0x00017ebd      0x1b7 ./Core/Src/servo.o
 .debug_macro   0x00018074      0x1b7 ./Core/Src/stm32f1xx_hal_msp.o
 .debug_macro   0x0001822b      0x1ad ./Core/Src/stm32f1xx_hal_timebase_tim.o
 .debug_macro   0x000183d8      0x1c1 ./Core/Src/stm32f1xx_it.o
 .debug_macro   0x00018599      0x1ad ./Core/Src/system_stm32f1xx.o
 .debug_macro   0x00018746      0x1d1 ./Drivers/STM32F1xx_HAL_Driver/Src/stm32f1xx_hal.o
 .debug_macro   0x00018917      0x1ad ./Drivers/STM32F1xx_HAL_Driver/Src/stm32f1xx_hal_cortex.o
 .debug_macro   0x00018ac4      0x1ad ./Drivers/STM32F1xx_HAL_Driver/Src/stm32f1xx_hal_dma.o
 .debug_macro   0x00018c71      0x218 ./Drivers/STM32F1xx_HAL_Driver/Src/stm32f1xx_hal_gpio.o
 .debug_macro   0x00018e89      0x1fb ./Drivers/STM32F1xx_HAL_Driver/Src/stm32f1xx_hal_i2c.o
 .debug_macro   0x00019084      0x1bf ./Drivers/STM32F1xx_HAL_Driver/Src/stm32f1xx_hal_rcc.o
 .debug_macro   0x00019243      0x1ae ./Drivers/STM32F1xx_HAL_Driver/Src/stm32f1xx_hal_tim.o
 .debug_macro   0x000193f1      0x1ad ./Drivers/STM32F1xx_HAL_Driver/Src/stm32f1xx_hal_tim_ex.o
 .debug_macro   0x0001959e      0x1ae ./Drivers/STM32F1xx_HAL_Driver/Src/stm32f1xx_hal_uart.o
 .debug_macro   0x0001974c      0x3bb ./Middlewares/Third_Party/FreeRTOS/Source/CMSIS_RTOS_V2/cmsis_os2.o
 .debug_macro   0x00019b07       0x10 ./Middlewares/Third_Party/FreeRTOS/Source/CMSIS_RTOS_V2/cmsis_os2.o
 .debug_macro   0x00019b17       0x10 ./Middlewares/Third_Party/FreeRTOS/Source/CMSIS_RTOS_V2/cmsis_os2.o