../Core/Src/main.c:76:5:main	8	static
../Core/Src/main.c:168:6:SystemClock_Config	72	static
../Core/Src/main.c:208:13:MX_I2C1_Init	8	static
../Core/Src/main.c:242:13:MX_TIM2_Init	64	static
../Core/Src/main.c:301:13:MX_USART1_UART_Init	8	static
../Core/Src/main.c:334:13:MX_USART2_UART_Init	8	static
../Core/Src/main.c:367:13:MX_GPIO_Init	40	static
../Core/Src/main.c:419:6:StartDefaultTask	16	static
../Core/Src/main.c:438:6:HAL_TIM_PeriodElapsedCallback	16	static
../Core/Src/main.c:455:6:Error_Handler	4	static,ignoring_inline_asm
