../Core/Src/app_freertos.c:55:6:LCD_Print	16	static
../Core/Src/app_freertos.c:62:6:LCD_Clear	8	static
../Core/Src/app_freertos.c:69:6:HAL_UART_RxCpltCallback	40	static
../Core/Src/app_freertos.c:103:6:App_Init_FreeRTOS	192	static
../Core/Src/app_freertos.c:126:6:Buzzer_Fail	8	static
../Core/Src/app_freertos.c:138:6:Task_Input	32	static
../Core/Src/app_freertos.c:176:6:Task_Auth	128	static
../Core/Src/app_freertos.c:362:6:AutoLock_Callback	24	static
../Core/Src/app_freertos.c:370:6:Task_Buzzer	16	static
