../Core/Src/main.c:76:5:main	8	static
../Core/Src/main.c:167:6:SystemClock_Config	72	static
../Core/Src/main.c:207:13:MX_I2C1_Init	8	static
../Core/Src/main.c:241:13:MX_TIM2_Init	64	static
../Core/Src/main.c:300:13:MX_USART1_UART_Init	8	static
../Core/Src/main.c:333:13:MX_USART2_UART_Init	8	static
../Core/Src/main.c:366:13:MX_GPIO_Init	40	static
../Core/Src/main.c:418:6:StartDefaultTask	16	static
../Core/Src/main.c:437:6:HAL_TIM_PeriodElapsedCallback	16	static
../Core/Src/main.c:454:6:Error_Handler	4	static,ignoring_inline_asm
